mod.cfg does not have permission to set option FullDump
mod.cfg does not have permission to set option DumpReports
mod.cfg does not have permission to set option DumpProfiling
mod.cfg does not have permission to set option DumpStrings
mod.cfg does not have permission to set option DumpTables
mod.cfg does not have permission to set option DumpMaps
mod.cfg does not have permission to set option DumpBattles
mod.cfg does not have permission to set option DumpMoves
mod.cfg does not have permission to set option DumpTextures
mod.cfg does not have permission to set option DumpIcons
mod.cfg does not have permission to set option DumpSprites
mod.cfg does not have permission to set option DumpAudio
mod.cfg does not have permission to set option DumpLibrary
mod.cfg does not have permission to set option PrintLineOffsets
mod.cfg does not have permission to set option UseTabIndents
mod.cfg does not have permission to set option PrintRequiredBy
Wed Apr 01 09:11:12 EDT 2020
Preparing patching process.
Building string data...
Reading strings from: 00 Introduction.str
Reading strings from: 01 Postgame Celebration.str
Reading strings from: 02 Toad Town Gate Sector.str
Reading strings from: 03 Toad Town Castle Sector.str
Reading strings from: 04 Toad Town Bridge Sector.str
Reading strings from: 05 Toad Town Train Sector.str
Reading strings from: 06 Toad Town Warehouse Sector.str
Reading strings from: 07 Toad Town Docks Sector.str
Reading strings from: 08 Minigames.str
Reading strings from: 09 Castle Grounds.str
Reading strings from: 0A Shooting Star Summit.str
Reading strings from: 0B Chapter 0.str
Reading strings from: 0C Chapter 1.str
Reading strings from: 0D Chapter 2.str
Reading strings from: 0E Chapter 3.str
Reading strings from: 0F Chapter 4.str
Reading strings from: 10 Chapter 5.str
Reading strings from: 11 Chapter 6.str
Reading strings from: 12 Chapter 7.str
Reading strings from: 13 Bowser's Castle.str
Reading strings from: 14 Peach Segments.str
Reading strings from: 15 Koopa Koot Favors.str
Reading strings from: 16 Russ T Advice.str
Reading strings from: 17 News Bulletin.str
Reading strings from: 18 Gossip Bulletin.str
Reading strings from: 19 Map Tattles.str
Reading strings from: 1A NPC Tattles.str
Reading strings from: 1B Entity Tattles.str
Reading strings from: 1C Enemy Tattles.str
Reading strings from: 1D Menus I.str
Reading strings from: 1E Choices.str
Reading strings from: 1F Menus II.str
Reading strings from: 20 Party Letters + Luigi's Diary.str
Reading strings from: 21 Advice Fortunes.str
Reading strings from: 22 Treasure Fortunes.str
Reading strings from: 23 Item Descriptions I.str
Reading strings from: 24 Item Descriptions II.str
Reading strings from: 25 Item Descriptions III.str
Reading strings from: 26 Item Names.str
Reading strings from: 27 Shop Messages.str
Reading strings from: 28 Partner Descriptions.str
Reading strings from: 29 Enemy Names.str
Reading strings from: 2A Mario Moves.str
Reading strings from: 2B Partner Moves.str
Reading strings from: 2C Quiz Questions.str
Reading strings from: 2D Quiz Options.str
Reading strings from: 2E Credits.str
Reading strings from: 2F Custom.str
Reading map config files...
Indexing map objects...
Loaded map index.
Using -411.17 MB for map data.
Indexing animations...
Using 0.00 MB for sprite data.
Writing map config table...
Wrote map config table to 0x2804350
Reading battle config files...
Reading direct ROM patches...
Patching icons...
Compressed scripts enabled.
Reading patch file: FinalParasolVersion.patch
Reading patch file: GetPlayerFileName.patch
Exported global pointer: $CopiedFileName
Exported global pointer: $GetFileName
Reading patch file: OoBCrash.patch
Reading patch file: ParasolDL.patch
Reading patch file: UtilityFunctions.patch
Exported global pointer: $IsBadgeEquiped
Choosing location for global struct: $TempBase
Choosing location for global struct: $ANDBitsTable1
Choosing location for global struct: $ANDBitsTable2
Choosing location for global struct: $CopiedFileName
Choosing location for global struct: $GetFileName
Choosing location for global struct: $CrashGameIfYAxisLT1000
Choosing location for global struct: $ParasolIcon
Choosing location for global struct: $ParasolPalette
Choosing location for global struct: $ParasolVertexList
Choosing location for global struct: $DisplayList_Parasol
Choosing location for global struct: $DLScript
Choosing location for global struct: $ButtonCheck
Choosing location for global struct: $IsBadgeEquiped
Writing global struct $TempBase to 8040FBA0
Writing global struct $ANDBitsTable1 to 804103A0
Writing global struct $ANDBitsTable2 to 804103C0
Writing global struct $CopiedFileName to 804103D4
Writing global struct $GetFileName to 804103E4
Writing global struct $CrashGameIfYAxisLT1000 to 80410484
Writing global struct $ParasolIcon to 804104D0
Writing global struct $ParasolPalette to 804106D0
Writing global struct $ParasolVertexList to 80410710
Writing global struct $DisplayList_Parasol to 80410750
Writing global struct $DLScript to 80410840
Writing global struct $ButtonCheck to 8041085C
Writing global struct $IsBadgeEquiped to 804108B4
Finished reading global pointers:
80404350 = $Global_MapConfigTable
80281104 = $Global_ActorNameTable
80282B98 = $Global_ActorTattleTable
80282EE8 = $Global_ActorOffsetsTable
80500000 = $Global_CollisionHeap
805C0000 = $Global_WorldHeap
80680000 = $Global_SpriteHeap
80740000 = $Global_BattleHeap
804103D4 = $CopiedFileName
804103E4 = $GetFileName
804108B4 = $IsBadgeEquiped
Building battle data...
Reading patch file: 01 Area KMR Part 2.bpat
Found $BlueGoomba1 (0)
Found $SpriteTable_80219968 (0)
Found $BlueGoomba2 (0)
Found $RedGoomba1 (0)
Found $SpriteTable_8021B778 (0)
Found $RedGoomba2 (0)
Found $GoombaKing (0)
Found $SpriteTable_802209C8 (0)
Merged 19 regions to 16
Reading patch file: 02 Area KMR Part 3.bpat
Found $JrTroopa1 (0)
Found $SpriteTable_80222AE4 (0)
Merged 35 regions to 26
Reading patch file: 04 Area HOS.bpat
Found $Magikoopa (0)
Found $FlyingMagikoopa (0)
Found $IdleAnimations_8021D6D0 (0)
Found $IdleAnimations_8021D71C (0)
Found $Script_8021D890 (0)
Found $Script_HandleEvent_8021E6D8 (0)
Found $Script_HandleEvent_8021EDF0 (0)
Found $Script_HealOne (0)
Found $Script_HealAll (0)
Found $Script_ShapeSpell (0)
Merged 22 regions to 18
Reading patch file: 23 Area KPA2.bpat
Found $Script_TakeTurn_8021FC14 (0)
Found $Script_HandleEvent_8021F800 (0)
Found $Script_IntroClawSwipe (0)
Merged 22 regions to 16
$Script_IntroClawSwipe will be placed at 80234988 (length = 450 bytes)
Changing pointer 8021FD54 to 80234988 ($Script_IntroClawSwipe)
Changing pointer 8021FD54 to 80234988 ($Script_IntroClawSwipe)
Changing pointer 8021FD54 to 80234988 ($Script_IntroClawSwipe)
Executing patch: 00 Goombario.bpat
Found $Function_80238B60 (0)
Found $Function_80238BCC (0)
Merged 3 regions to 2
Changing pointer 8023CDA4 to 8023CD9C ($End[4])
Changing pointer 8023CDA0 to 8023CD98 ($End)
Changing pointer 8023CDA0 to 8023CD98 ($End)
Changing pointer 8023CDA4 to 8023CD9C ($End[4])
Executing patch: Item_ElectroPop.bpat
Found $Function_802A149C (0)
Merged 3 regions to 2
Changing pointer 802A1D60 to 802A1D58 ($End)
Changing pointer 802A1D60 to 802A1D58 ($End)
Executing patch: Item_Food.bpat
Found $Function_802A15A0 (0)
Found $Script_UseItem (0)
Merged 2 regions to 1
Changing pointer 802A24D0 to 802A23DC ($End)
Changing pointer 802A24D0 to 802A23DC ($End)
Executing patch: Item_Shroom.bpat
Found $Function_802A15A0 (0)
Merged 2 regions to 1
Changing pointer 802A2410 to 802A2404 ($End)
Changing pointer 802A2410 to 802A2404 ($End)
Executing patch: Item_StrangeCake.bpat
Found $Function_802A1A8C (0)
Merged 6 regions to 5
Changing pointer 802A2DEC to 802A2DE4 ($End[1C])
Changing pointer 802A2DEC to 802A2DE4 ($End[1C])
Changing pointer 802A2E00 to 802A2DF8 ($End[30])
Changing pointer 802A2DD8 to 802A2DD0 ($End[8])
Changing pointer 802A2DF4 to 802A2DEC ($End[24])
Changing pointer 802A2DF8 to 802A2DF0 ($End[28])
Changing pointer 802A2DEC to 802A2DE4 ($End[1C])
Changing pointer 802A2DF4 to 802A2DEC ($End[24])
Changing pointer 802A2DF8 to 802A2DF0 ($End[28])
Changing pointer 802A2DF8 to 802A2DF0 ($End[28])
Changing pointer 802A2DF4 to 802A2DEC ($End[24])
Changing pointer 802A2DF0 to 802A2DE8 ($End[20])
Changing pointer 802A2DEC to 802A2DE4 ($End[1C])
Changing pointer 802A2DEC to 802A2DE4 ($End[1C])
Changing pointer 802A2DF0 to 802A2DE8 ($End[20])
Changing pointer 802A2DF4 to 802A2DEC ($End[24])
Changing pointer 802A2DF0 to 802A2DE8 ($End[20])
Changing pointer 802A2DEC to 802A2DE4 ($End[1C])
Changing pointer 802A2DF4 to 802A2DEC ($End[24])
Changing pointer 802A2DFC to 802A2DF4 ($End[2C])
Changing pointer 802A2DEC to 802A2DE4 ($End[1C])
Changing pointer 802A2DFC to 802A2DF4 ($End[2C])
Changing pointer 802A2DF0 to 802A2DE8 ($End[20])
Changing pointer 802A2DD8 to 802A2DD0 ($End[8])
Changing pointer 802A2E00 to 802A2DF8 ($End[30])
Changing pointer 802A2DD0 to 802A2DC8 ($End)
Changing pointer 802A2DD0 to 802A2DC8 ($End)
Building map data...
Executing patch: hos_00.mpat
Found $NpcGroup_8024221C (0)
Found $Script_80242F20 (0)
Found $Script_80244210 (0)
Merged 15 regions to 13
Executing patch: hos_01.mpat
Found $Script_802427C8 (0)
Merged 10 regions to 10
Executing patch: hos_06.mpat
Merged 8 regions to 7
Changing pointer 80246424 to 8024641C ($End[1C4])
Changing pointer 80246260 to 80246258 ($End)
Changing pointer 80246260 to 80246258 ($End)
Changing pointer 80246260 to 80246258 ($End)
Changing pointer 80246424 to 8024641C ($End[1C4])
Changing pointer 80246430 to 80246428 ($End[1D0])
Changing pointer 80246430 to 80246428 ($End[1D0])
Changing pointer 80246430 to 80246428 ($End[1D0])
Changing pointer 80246260 to 80246258 ($End)
Changing pointer 80246260 to 80246258 ($End)
Changing pointer 80246430 to 80246428 ($End[1D0])
Executing patch: kkj_00.mpat
Found $Script_80241E64 (0)
Found $Script_80241EF8 (0)
Found $Script_80241F28 (0)
Found $Script_80241F8C (0)
Found $Script_80242018 (0)
Merged 12 regions to 10
$Script_80241F28 will be placed at 80241EF8 (length = 6C bytes)
$Script_80241EF8 will be placed at 80249ED8 (length = 3C bytes)
Changing pointer 80241EF8 to 80249ED8 ($Script_80241EF8)
Changing pointer 80241F28 to 80241EF8 ($Script_80241F28)
Executing patch: kkj_01.mpat
Found $Script_80241CB0 (0)
Found $Script_80241CE0 (0)
Found $Script_80241D70 (0)
Found $Script_80241DD0 (0)
Found $Script_80241BF4 (0)
Merged 10 regions to 8
$Script_80241CE0 will be placed at 80241FD4 (length = 3C bytes)
$Script_80241D70 will be placed at 80241C78 (length = 3C bytes)
$Script_80241CB0 will be placed at 80243BB0 (length = 3C bytes)
Changing pointer 80241CB0 to 80243BB0 ($Script_80241CB0)
Changing pointer 80241CE0 to 80241FD4 ($Script_80241CE0)
Changing pointer 80241D70 to 80241C78 ($Script_80241D70)
Executing patch: kkj_03.mpat
Found $Script_80240B40 (0)
Merged 9 regions to 8
Executing patch: kkj_13.mpat
Found $Script_8024390C (0)
Found $Script_80244CA8 (0)
Merged 11 regions to 10
Executing patch: kkj_14.mpat
Found $Script_80244E54 (0)
Merged 18 regions to 17
Executing patch: kkj_15.mpat
Found $Script_80241A70 (0)
Merged 17 regions to 15
Executing patch: kmr_00.mpat
Found $Script_80241050 (0)
Merged 8 regions to 7
Executing patch: kmr_02.mpat
Creating struct: $EnableActionCommands
Found $Script_Main (0)
Found $Script_802497F4 (0)
Found $Script_8024D420 (0)
Found $Script_8024B894 (0)
Found $Script_80244D9C (0)
Found $Script_80248AD4 (0)
Found $Script_8024C0FC (0)
Found $Script_80255AA0 (0)
Found $Script_80254A00 (0)
Found $Script_8024C808 (0)
Merged 25 regions to 22
$Script_8024C808 will be placed at 80257F1C (length = 4D8 bytes)
$EnableActionCommands will be placed at 8024C610 (length = 24 bytes)
Changing pointer 80257F24 to 802583F8 ($End[4])
Changing pointer 80257F25 to 802583F9 ($End[5])
Changing pointer 80257F26 to 802583FA ($End[6])
Changing pointer 80257F27 to 802583FB ($End[7])
Changing pointer 80257F28 to 802583FC ($End[8])
Changing pointer 80257F29 to 802583FD ($End[9])
Changing pointer 80257F24 to 802583F8 ($End[4])
Changing pointer 80257F25 to 802583F9 ($End[5])
Changing pointer 80257F26 to 802583FA ($End[6])
Changing pointer 80257F28 to 802583FC ($End[8])
Changing pointer 80257F27 to 802583FB ($End[7])
Changing pointer 80257F29 to 802583FD ($End[9])
Changing pointer 80257F40 to 80258414 ($End[20])
Changing pointer 80258140 to 80258614 ($End[220])
Changing pointer 8025C0D0 to 8025C5A4 ($End[41B0])
Changing pointer 80258340 to 80258814 ($End[420])
Changing pointer 80257F58 to 8025842C ($End[38])
Changing pointer 80257F58 to 8025842C ($End[38])
Changing pointer 80257F58 to 8025842C ($End[38])
Changing pointer 80257F48 to 8025841C ($End[28])
Changing pointer 80257F2C to 80258400 ($End[C])
Changing pointer 80257F48 to 8025841C ($End[28])
Changing pointer 80257F4C to 80258420 ($End[2C])
Changing pointer 80257F50 to 80258424 ($End[30])
Changing pointer 80257F48 to 8025841C ($End[28])
Changing pointer 80257F50 to 80258424 ($End[30])
Changing pointer 8025811C to 802585F0 ($End[1FC])
Changing pointer 80257F50 to 80258424 ($End[30])
Changing pointer 80257F4C to 80258420 ($End[2C])
Changing pointer 80257F50 to 80258424 ($End[30])
Changing pointer 80257F48 to 8025841C ($End[28])
Changing pointer 80257F2C to 80258400 ($End[C])
Changing pointer 80257F20 to 802583F4 ($End)
Changing pointer 80257F21 to 802583F5 ($End[1])
Changing pointer 80257F22 to 802583F6 ($End[2])
Changing pointer 80257F23 to 802583F7 ($End[3])
Changing pointer 80257F20 to 802583F4 ($End)
Changing pointer 80257F21 to 802583F5 ($End[1])
Changing pointer 80257F22 to 802583F6 ($End[2])
Changing pointer 80257F23 to 802583F7 ($End[3])
Changing pointer 80257F50 to 80258424 ($End[30])
Changing pointer 80257F48 to 8025841C ($End[28])
Changing pointer 80258120 to 802585F4 ($End[200])
Changing pointer 8025811C to 802585F0 ($End[1FC])
Changing pointer 80257F30 to 80258404 ($End[10])
Changing pointer 80257F58 to 8025842C ($End[38])
Changing pointer 80257F58 to 8025842C ($End[38])
Changing pointer 8024C808 to 80257F1C ($Script_8024C808)
Executing patch: kmr_06.mpat
Merged 8 regions to 7
Executing patch: kmr_11.mpat
Found $Script_80243514 (0)
Merged 14 regions to 13
Executing patch: kmr_20.mpat
Creating struct: $EnableActionCommands
Creating struct: $EquipBadge
Creating struct: $SetFPto10
Found $Script_Main (0)
Creating struct: $kmr_20_8024A4AC
Creating struct: $NpcSettings_8024A3D0_kmr_20
Found $NpcGroup_8024A4AC (0)
Found $NpcGroupList_8024A88C (0)
Found $Script_8024FD70 (0)
Merged 26 regions to 24
$kmr_20_8024A4AC will be placed at 8025098C (length = 1F0 bytes)
$EquipBadge will be placed at 80243E7C (length = 6C bytes)
$SetFPto10 will be placed at 80253054 (length = 34 bytes)
$NpcSettings_8024A3D0_kmr_20 will be placed at 80250B7C (length = 2C bytes)
$EnableActionCommands will be placed at 80243EE8 (length = 24 bytes)
Changing pointer 80253060 to 80253088 ($End)
Changing pointer 80253378 to 802533A0 ($End[318])
Changing pointer 80253384 to 802533AC ($End[324])
Changing pointer 80253060 to 80253088 ($End)
Changing pointer 8025338C to 802533B4 ($End[32C])
Changing pointer 80253060 to 80253088 ($End)
Changing pointer 80253390 to 802533B8 ($End[330])
Changing pointer 80257118 to 80257140 ($End[40B8])
Changing pointer 8025B2B0 to 8025B2D8 ($End[8250])
Changing pointer 80257320 to 80257348 ($End[42C0])
Changing pointer 8025B0A8 to 8025B0D0 ($End[8048])
Changing pointer 8025B2A8 to 8025B2D0 ($End[8248])
Changing pointer 8025B2AC to 8025B2D4 ($End[824C])
Changing pointer 80253060 to 80253088 ($End)
Changing pointer 8025B2A8 to 8025B2D0 ($End[8248])
Changing pointer 8025B2AC to 8025B2D4 ($End[824C])
Changing pointer 8025B2B0 to 8025B2D8 ($End[8250])
Executing patch: mac_00.mpat
Found $ShopInventory_8024E26C (0)
Found $NpcGroup_80251124 (1F0)
Found $Script_80249700 (0)
Found $Script_80249880 (0)
Found $Script_80249A7C (0)
Found $Script_8024F64C (0)
Found $Script_8024C08C (0)
Merged 23 regions to 22
$Script_80249880 will be placed at 80255B68 (length = 210 bytes)
$Script_80249700 will be placed at 80249880 (length = 170 bytes)
Changing pointer 80255B98 to 80255DA0 ($End[28])
Changing pointer 80255B98 to 80255DA0 ($End[28])
Changing pointer 802560A4 to 802562AC ($End[534])
Changing pointer 80255B94 to 80255D9C ($End[24])
Changing pointer 80255B98 to 80255DA0 ($End[28])
Changing pointer 80255B90 to 80255D98 ($End[20])
Changing pointer 80255B70 to 80255D78 ($End)
Changing pointer 80255B90 to 80255D98 ($End[20])
Changing pointer 80255B98 to 80255DA0 ($End[28])
Changing pointer 80255D68 to 80255F70 ($End[1F8])
Changing pointer 80255D68 to 80255F70 ($End[1F8])
Changing pointer 80255D68 to 80255F70 ($End[1F8])
Changing pointer 80255ED8 to 802560E0 ($End[368])
Changing pointer 80255B70 to 80255D78 ($End)
Changing pointer 80255ED8 to 802560E0 ($End[368])
Changing pointer 80255EE0 to 802560E8 ($End[370])
Changing pointer 80255EE0 to 802560E8 ($End[370])
Changing pointer 80255EE0 to 802560E8 ($End[370])
Changing pointer 80255B90 to 80255D98 ($End[20])
Changing pointer 80255B88 to 80255D90 ($End[18])
Changing pointer 80255B90 to 80255D98 ($End[20])
Changing pointer 80255B94 to 80255D9C ($End[24])
Changing pointer 80255B98 to 80255DA0 ($End[28])
Changing pointer 80255B90 to 80255D98 ($End[20])
Changing pointer 80255BA0 to 80255DA8 ($End[30])
Changing pointer 80255BA0 to 80255DA8 ($End[30])
Changing pointer 80255BA0 to 80255DA8 ($End[30])
Changing pointer 802560A4 to 802562AC ($End[534])
Changing pointer 80255B78 to 80255D80 ($End[8])
Changing pointer 80255BA0 to 80255DA8 ($End[30])
Changing pointer 80255D68 to 80255F70 ($End[1F8])
Changing pointer 80255BA0 to 80255DA8 ($End[30])
Changing pointer 80249880 to 80255B68 ($Script_80249880)
Changing pointer 80249700 to 80249880 ($Script_80249700)
Changing pointer 80255EE0 to 802560E8 ($End[370])
Changing pointer 80255EE0 to 802560E8 ($End[370])
Executing patch: mac_01.mpat
Found $RowfBadgeInventory (0)
Found $Script_802469AC (0)
Creating struct: $Function_HasBadge
Found $Function_802400C8 (0)
Found $Function_80244984 (0)
Found $Script_80248070 (0)
Found $Function_80240044 (0)
Found $NpcGroup_8025CCA8 (D90)
Found $Script_ToggleVis_80247A70 (0)
Found $Script_8024E440 (0)
Found $Script_8024F27C (0)
Found $Script_80250414 (0)
Found $Script_80250DFC (0)
Found $Script_802520D8 (0)
Found $Script_80256DDC (0)
Found $Script_80258FFC (0)
Found $Script_802591CC (0)
Found $Script_8025A49C (0)
Found $Script_8025CB7C (0)
Merged 33 regions to 31
$RowfBadgeInventory will be placed at 802481C0 (length = 1C0 bytes)
$Script_8024E440 will be placed at 80247F88 (length = A8 bytes)
$Function_HasBadge will be placed at 80246A38 (length = 2C bytes)
$ASCII_end_00_Literal will be placed at 80240F44 (length = C bytes)
Changing pointer 80262A68 to 80262A60 ($End[28])
Changing pointer 80262A68 to 80262A60 ($End[28])
Changing pointer 80262A70 to 80262A68 ($End[30])
Changing pointer 80262A70 to 80262A68 ($End[30])
Changing pointer 80262A70 to 80262A68 ($End[30])
Changing pointer 80262A68 to 80262A60 ($End[28])
Changing pointer 80262A60 to 80262A58 ($End[20])
Changing pointer 80262A64 to 80262A5C ($End[24])
Changing pointer 80262A68 to 80262A60 ($End[28])
Changing pointer 80262A60 to 80262A58 ($End[20])
Changing pointer 80262A40 to 80262A38 ($End)
Changing pointer 80262C34 to 80262C2C ($End[1F4])
Changing pointer 80262A64 to 80262A5C ($End[24])
Changing pointer 80262A68 to 80262A60 ($End[28])
Changing pointer 80262A60 to 80262A58 ($End[20])
Changing pointer 80262A40 to 80262A38 ($End)
Changing pointer 80262A60 to 80262A58 ($End[20])
Changing pointer 80262A60 to 80262A58 ($End[20])
Changing pointer 80262A58 to 80262A50 ($End[18])
Changing pointer 80262C38 to 80262C30 ($End[1F8])
Changing pointer 80262F68 to 80262F60 ($End[528])
Changing pointer 80262F68 to 80262F60 ($End[528])
Changing pointer 80262C34 to 80262C2C ($End[1F4])
Changing pointer 80247F88 to 802481C0 ($RowfBadgeInventory)
Changing pointer 80247F88 to 802481C0 ($RowfBadgeInventory)
Changing pointer 80262C38 to 80262C30 ($End[1F8])
Changing pointer 80262F68 to 80262F60 ($End[528])
Changing pointer 80262A48 to 80262A40 ($End[8])
Changing pointer 80262A70 to 80262A68 ($End[30])
Changing pointer 80262A70 to 80262A68 ($End[30])
Changing pointer 8024E440 to 80247F88 ($Script_8024E440)
Changing pointer 8024E440 to 80247F88 ($Script_8024E440)
Executing patch: mac_02.mpat
Found $Script_Main (0)
Found $Script_OpenDoor_80244BB0 (0)
Found $Script_OpenDoor_80244D44 (0)
Found $Script_MoveWalls_80244D74 (0)
Found $Script_MoveWalls_80244BE0 (0)
Found $Script_80244EC8 (0)
Found $Script_ToggleVis_80244CC0 (0)
Found $Script_8024459C (0)
Merged 19 regions to 17
$ASCII_gv_01_Literal will be placed at 8024E118 (length = 8 bytes)
Executing patch: mac_04.mpat
Merged 18 regions to 17
Changing pointer 8024F5D0 to 8024F5C8 ($End[30])
Changing pointer 8024F5D0 to 8024F5C8 ($End[30])
Changing pointer 8024F5D0 to 8024F5C8 ($End[30])
Changing pointer 8024F5B8 to 8024F5B0 ($End[18])
Changing pointer 8024F5A0 to 8024F598 ($End)
Changing pointer 8024F5C4 to 8024F5BC ($End[24])
Changing pointer 8024F5C8 to 8024F5C0 ($End[28])
Changing pointer 8024F5C0 to 8024F5B8 ($End[20])
Changing pointer 8024F5A0 to 8024F598 ($End)
Changing pointer 8024F5C8 to 8024F5C0 ($End[28])
Changing pointer 8024F5C0 to 8024F5B8 ($End[20])
Changing pointer 8024F5C4 to 8024F5BC ($End[24])
Changing pointer 8024F5C8 to 8024F5C0 ($End[28])
Changing pointer 8024F5C0 to 8024F5B8 ($End[20])
Changing pointer 8024F5C0 to 8024F5B8 ($End[20])
Changing pointer 8024F5C0 to 8024F5B8 ($End[20])
Changing pointer 8024F5C8 to 8024F5C0 ($End[28])
Changing pointer 8024F5C8 to 8024F5C0 ($End[28])
Changing pointer 8024F5A8 to 8024F5A0 ($End[8])
Changing pointer 8024F5D0 to 8024F5C8 ($End[30])
Patching tables...
Patching world map...
Writing direct ROM patches...
Boot code written from 0x02810D60 to 0x028110CC
Version information will be stored at 0x804118F0
Writing strings...
Writing string section 00 to 1B830C0 (99 strings)
Writing string section 01 to 1B83250 (111 strings)
Writing string section 02 to 1B83410 (288 strings)
Writing string section 03 to 1B83894 (234 strings)
Writing string section 04 to 1B83C40 (148 strings)
Writing string section 05 to 1B83E94 (103 strings)
Writing string section 06 to 1B84034 (212 strings)
Writing string section 07 to 1B84388 (198 strings)
Writing string section 08 to 1B846A4 (73 strings)
Writing string section 09 to 1B847CC (20 strings)
Writing string section 0A to 1B84820 (113 strings)
Writing string section 0B to 1B849E8 (265 strings)
Writing string section 0C to 1B84E10 (311 strings)
Writing string section 0D to 1B852F0 (245 strings)
Writing string section 0E to 1B856C8 (260 strings)
Writing string section 0F to 1B85ADC (118 strings)
Writing string section 10 to 1B85CB8 (280 strings)
Writing string section 11 to 1B8611C (223 strings)
Writing string section 12 to 1B8649C (368 strings)
Writing string section 13 to 1B86A60 (178 strings)
Writing string section 14 to 1B86D2C (409 strings)
Writing string section 15 to 1B87394 (61 strings)
Writing string section 16 to 1B8748C (36 strings)
Writing string section 17 to 1B87520 (26 strings)
Writing string section 18 to 1B8758C (26 strings)
Writing string section 19 to 1B875F8 (393 strings)
Writing string section 1A to 1B87C20 (290 strings)
Writing string section 1B to 1B880AC (38 strings)
Writing string section 1C to 1B88148 (150 strings)
Writing string section 1D to 1B883A4 (428 strings)
Writing string section 1E to 1B88A58 (80 strings)
Writing string section 1F to 1B88B9C (53 strings)
Writing string section 20 to 1B88C74 (93 strings)
Writing string section 21 to 1B88DEC (79 strings)
Writing string section 22 to 1B88F2C (158 strings)
Writing string section 23 to 1B891A8 (268 strings)
Writing string section 24 to 1B895DC (268 strings)
Writing string section 25 to 1B89A10 (268 strings)
Writing string section 26 to 1B89E44 (269 strings)
Writing string section 27 to 1B8A27C (211 strings)
Writing string section 28 to 1B8A5CC (104 strings)
Writing string section 29 to 1B8A770 (131 strings)
Writing string section 2A to 1B8A980 (27 strings)
Writing string section 2B to 1B8A9F0 (32 strings)
Writing string section 2C to 1B8AA74 (64 strings)
Writing string section 2D to 1B8AB78 (64 strings)
Writing string section 2E to 1B8AC7C (136 strings)
Writing string section 2F to 1B8AEA0 (0 strings)
Writing config tables...
Wrote battle section table to 0x70E30
Wrote move script table to 0x1C2760
Wrote partner script table.
Wrote item script table.
In-game RAM usage: 13890 bytes (7.63% of available)
Boot process hooked.
Writing world_map to ROM.
Writing spirits_bg to ROM.
Writing peach_letter to ROM.
Writing logo-N64 to ROM.
Writing logo-IS to ROM.
Writing logo-nintendo to ROM.
Building texture archives...
Building texture archive: arn_tex.txa
Writing texture: arn_berosaidetif
Writing texture: arn_doa2tif
Writing texture: arn_doa3tif
Writing texture: arn_doatif
Writing texture: arn_frametif
Writing texture: arn_grayframetif
Writing texture: arn_haguruma1tif
Writing texture: arn_hane1tif
Writing texture: arn_hari1tif
Writing texture: arn_haritif
Writing texture: arn_hasira1tif
Writing texture: arn_iwa_4tif
Writing texture: arn_jamp1tif
Writing texture: arn_jamp2tif
Writing texture: arn_jimen_edgetif
Writing texture: arn_jimenbtif
Writing texture: arn_jimenctif
Writing texture: arn_kabe10tif
Writing texture: arn_kabe1tif
Writing texture: arn_kabe2tif
Writing texture: arn_kabe6tif
Writing texture: arn_ki5tif
Writing texture: arn_kusatif
Writing texture: arn_mado1tif
Writing texture: arn_mado2tif
Writing texture: arn_renga1tif
Writing texture: arn_star1tif
Writing texture: arn_waku2tif
Writing texture: arn_yane1tif
Writing texture: arn_yane3tif
Writing texture: arn_zassoutif
Writing texture: arn_zimen2tif
Writing texture: arn_zimen4tif
Building texture archive: dgb_tex.txa
Writing texture: dgb_berosaidetif
Writing texture: dgb_ciock3tif
Writing texture: dgb_d_ana04tif
Writing texture: dgb_d_anatif
Writing texture: dgb_d_chear2tif
Writing texture: dgb_doatif
Writing texture: dgb_frametif
Writing texture: dgb_hasira1tif
Writing texture: dgb_hibi1tif
Writing texture: dgb_hibi3tif
Writing texture: dgb_hikaritif
Writing texture: dgb_hokori1tif
Writing texture: dgb_isuasi1tif
Writing texture: dgb_iwa_4tif
Writing texture: dgb_jimen_edgetif
Writing texture: dgb_jimenbtif
Writing texture: dgb_jimenctif
Writing texture: dgb_kabe10tif
Writing texture: dgb_kabe1tif
Writing texture: dgb_kabe2tif
Writing texture: dgb_kabe3tif
Writing texture: dgb_kabe6tif
Writing texture: dgb_katen1tif
Writing texture: dgb_katen3tif
Writing texture: dgb_kazari3tif
Writing texture: dgb_ki5tif
Writing texture: dgb_mado1tif
Writing texture: dgb_mado2tif
Writing texture: dgb_moyou1tif
Writing texture: dgb_moyou2tif
Writing texture: dgb_moyou3tif
Writing texture: dgb_syokudaitif
Writing texture: dgb_tenjo2tif
Writing texture: dgb_tesuri1tif
Writing texture: dgb_tesuri2tif
Writing texture: dgb_tesuri3tif
Writing texture: dgb_togetif
Writing texture: dgb_yuka1tif
Writing texture: dgb_zassoutif
Writing texture: dgb_zyu1tif
Writing texture: dgb_zyu2tif
Building texture archive: dro_tex.txa
Writing texture: dro_berosaidetif
Writing texture: dro_binn2tif
Writing texture: dro_blocktif
Writing texture: dro_d_t_doatif
Writing texture: dro_d_tubo01tif
Writing texture: dro_doa1tif
Writing texture: dro_flower_02tif
Writing texture: dro_frametif
Writing texture: dro_gyuutann2tif
Writing texture: dro_hasira1tif
Writing texture: dro_hata2tif
Writing texture: dro_hon2tif
Writing texture: dro_hon3tif
Writing texture: dro_honetif
Writing texture: dro_kabe_htif
Writing texture: dro_kabe1tif
Writing texture: dro_kannbanntif
Writing texture: dro_kemutif
Writing texture: dro_kinopiotif
Writing texture: dro_kudamonotif
Writing texture: dro_mado6tif
Writing texture: dro_moyou2tif
Writing texture: dro_nuno2tif
Writing texture: dro_nunoyanetif
Writing texture: dro_papyrustif
Writing texture: dro_posuta2tif
Writing texture: dro_posutatif
Writing texture: dro_ranputif
Writing texture: dro_road3tif
Writing texture: dro_sabakureeftif
Writing texture: dro_sakutif
Writing texture: dro_spider_nettif
Writing texture: dro_suna3tif
Writing texture: dro_taru1tif
Writing texture: dro_wall_ftif
Building texture archive: end_tex.txa
Writing texture: end_bg_yamatif
Writing texture: end_castle_atif
Writing texture: end_castle_btif
Writing texture: end_cycadtif
Writing texture: end_ensekitif
Writing texture: end_green_gradetif
Writing texture: end_greentif
Writing texture: end_heiho_neontif
Writing texture: end_hoppetif
Writing texture: end_iwatif
Writing texture: end_kagetif
Writing texture: end_kamitif
Writing texture: end_kawa_atif
Writing texture: end_kino_fbtif
Writing texture: end_kino_fctif
Writing texture: end_kino_fdtif
Writing texture: end_kobock_btif
Writing texture: end_kobock_reeftif
Writing texture: end_kokobock_eyetif
Writing texture: end_kubiwatif
Writing texture: end_kumo_anitif
Writing texture: end_light_aatif
Writing texture: end_light_btif
Writing texture: end_light_dtif
Writing texture: end_light_etif
Writing texture: end_light_ftif
Writing texture: end_light_gtif
Writing texture: end_light_htif
Writing texture: end_light_itif
Writing texture: end_light_jtif
Writing texture: end_light_ltif
Writing texture: end_light_mtif
Writing texture: end_m_backtif
Writing texture: end_mac_britshcuttif
Writing texture: end_mac_britshtreetif
Writing texture: end_mac_fieldtif
Writing texture: end_mariohouse_btif
Writing texture: end_me_btif
Writing texture: end_midori03tif
Writing texture: end_nuno_greentif
Writing texture: end_nunotif
Writing texture: end_pacntif
Writing texture: end_rainbowtif
Writing texture: end_reef_jantif
Writing texture: end_ryusei_gou_btif
Writing texture: end_ryusei_goutif
Writing texture: end_s_roadtif
Writing texture: end_snow_fieldtif
Writing texture: end_starlinetif
Writing texture: end_sutif
Writing texture: end_treetif
Writing texture: end_tumikitif
Writing texture: end_umitif
Writing texture: end_yosflo_1tif
Writing texture: end_yosflo_2tif
Writing texture: end_yoshitif
Writing texture: end_yougantif
Writing texture: end_yuka_block3tif
Writing texture: end_yuka_block4tif
Building texture archive: flo_tex.txa
Writing texture: flo_baraha2tif
Writing texture: flo_barahanatif
Writing texture: flo_barahatif
Writing texture: flo_barakakine7tif
Writing texture: flo_baratulutif
Writing texture: flo_berosaidetif
Writing texture: flo_botantif
Writing texture: flo_chibikumo2tif
Writing texture: flo_chibikumotif
Writing texture: flo_comp03tif
Writing texture: flo_f_achi2tif
Writing texture: flo_f_dokantif
Writing texture: flo_f_hatenatif
Writing texture: flo_f_hikarabi4tif
Writing texture: flo_f_kusa02tif
Writing texture: flo_f_kusatif
Writing texture: flo_f_saku5tif
Writing texture: flo_f_sitakusatif
Writing texture: flo_f_yane02tif
Writing texture: flo_flo_hanatif
Writing texture: flo_flo_kusa1tif
Writing texture: flo_flo_kusa2tif
Writing texture: flo_flo_renga2tif
Writing texture: flo_flo_roadtif
Writing texture: flo_flo_top2tif
Writing texture: flo_flower_dtif
Writing texture: flo_flower_edge4tif
Writing texture: flo_flower_field3tif
Writing texture: flo_flower_top3tif
Writing texture: flo_frametif
Writing texture: flo_hanatabatif
Writing texture: flo_happa2tif
Writing texture: flo_happa3tif
Writing texture: flo_happa4tif
Writing texture: flo_hasiratif
Writing texture: flo_hunsuitif
Writing texture: flo_ibaratif
Writing texture: flo_jack3tif
Writing texture: flo_jack4tif
Writing texture: flo_ki_atif
Writing texture: flo_kinoha5tif
Writing texture: flo_kinoha6tif
Writing texture: flo_kinoha7tif
Writing texture: flo_kinoita3tif
Writing texture: flo_kinoitatif
Writing texture: flo_kirikabutif
Writing texture: flo_kuki6tif
Writing texture: flo_kumo2tif
Writing texture: flo_kumokumo2tif
Writing texture: flo_kumokumotif
Writing texture: flo_kumonokage2tif
Writing texture: flo_kumonoue11tif
Writing texture: flo_kumonoue12tif
Writing texture: flo_kumonoue15tif
Writing texture: flo_kumonoue18tif
Writing texture: flo_kumonoue21tif
Writing texture: flo_kumonoue22tif
Writing texture: flo_kumonoue23tif
Writing texture: flo_kumotif
Writing texture: flo_kuristalu2tif
Writing texture: flo_kuristalutif
Writing texture: flo_marutakuntif
Writing texture: flo_mizu_kabetif
Writing texture: flo_moguraana2tif
Writing texture: flo_mon2tif
Writing texture: flo_mon3tif
Writing texture: flo_naminami4tif
Writing texture: flo_niji2tif
Writing texture: flo_niji3tif
Writing texture: flo_oldtree_metif
Writing texture: flo_oldtree_reef3tif
Writing texture: flo_panji02tif
Writing texture: flo_panjitif
Writing texture: flo_renga3tif
Writing texture: flo_renga4tif
Writing texture: flo_rengatif
Writing texture: flo_ryuusuitif
Writing texture: flo_shabon4tif
Writing texture: flo_shabon6tif
Writing texture: flo_shabonnhanatif
Writing texture: flo_sirohana2tif
Writing texture: flo_sirohanatif
Writing texture: flo_tetugousitif
Writing texture: flo_tobiratif
Writing texture: flo_tutitif
Writing texture: flo_watertif
Writing texture: flo_yabu2tif
Building texture archive: gv__tex.txa
Writing texture: gv__atif
Writing texture: gv__entif
Writing texture: gv__etif
Writing texture: gv__gtif
Writing texture: gv__mtif
Writing texture: gv__otif
Writing texture: gv__rtif
Writing texture: gv__vtif
Building texture archive: hos_tex.txa
Writing texture: hos_akaritif
Writing texture: hos_berosaidetif
Writing texture: hos_demo_backtif
Writing texture: hos_demo_star_btif
Writing texture: hos_flower_02tif
Writing texture: hos_frametif
Writing texture: hos_fx_cartaintif
Writing texture: hos_grayframetif
Writing texture: hos_h_bed2tif
Writing texture: hos_h_ha2tif
Writing texture: hos_h_ha6tif
Writing texture: hos_h_hana_02tif
Writing texture: hos_h_hatif
Writing texture: hos_h_hosikabetif
Writing texture: hos_h_hutontif
Writing texture: hos_h_jimentif
Writing texture: hos_h_kabe3tif
Writing texture: hos_h_kabe5tif
Writing texture: hos_h_kabe6tif
Writing texture: hos_h_karpettif
Writing texture: hos_h_kitif
Writing texture: hos_h_kusa02tif
Writing texture: hos_h_mado2tif
Writing texture: hos_h_madotif
Writing texture: hos_h_renga3tif
Writing texture: hos_h_renga4tif
Writing texture: hos_h_sakutif
Writing texture: hos_h_sinden2tif
Writing texture: hos_h_sinden7tif
Writing texture: hos_h_star_02tif
Writing texture: hos_h_tobira2tif
Writing texture: hos_h_tobira3tif
Writing texture: hos_h_tobira4tif
Writing texture: hos_h_yane2tif
Writing texture: hos_hasiratif
Writing texture: hos_hikaritif
Writing texture: hos_hos_jimentif
Writing texture: hos_hos_kumotif
Writing texture: hos_hos9dentif
Writing texture: hos_hutikusatif
Writing texture: hos_iwa_big_demotif
Writing texture: hos_jimen2tif
Writing texture: hos_jimtif
Writing texture: hos_kabe_blocktif
Writing texture: hos_kabe2tif
Writing texture: hos_kabe3tif
Writing texture: hos_kazaritif
Writing texture: hos_kinopiotif
Writing texture: hos_kirakiratif
Writing texture: hos_kousokutif
Writing texture: hos_kumo2tif
Writing texture: hos_kumo3tif
Writing texture: hos_kumo4tif
Writing texture: hos_kumo5tif
Writing texture: hos_kumo6tif
Writing texture: hos_kumo7tif
Writing texture: hos_kusa5tif
Writing texture: hos_kusshontif
Writing texture: hos_linestartif
Writing texture: hos_mac_edgetif
Writing texture: hos_mokume2tif
Writing texture: hos_mokume3tif
Writing texture: hos_mon2tif
Writing texture: hos_moontif
Writing texture: hos_mtif
Writing texture: hos_naminami3tif
Writing texture: hos_ochi_mariotif
Writing texture: hos_piramitif
Writing texture: hos_rainbow_btif
Writing texture: hos_rainbowtif
Writing texture: hos_renga2tif
Writing texture: hos_rengamiti03tif
Writing texture: hos_rengatif
Writing texture: hos_ryusei_gou_btif
Writing texture: hos_ryusei_goutif
Writing texture: hos_ryuseitif
Writing texture: hos_shirokabetif
Writing texture: hos_shiroyanetif
Writing texture: hos_sirokurotif
Writing texture: hos_star_door_demotif
Writing texture: hos_stargate_ctif
Writing texture: hos_stargate_etif
Writing texture: hos_stargatetif
Writing texture: hos_sterlighttif
Writing texture: hos_t_hei2tif
Writing texture: hos_t_mac_fieldtif
Writing texture: hos_t_mac_house7tif
Writing texture: hos_t_mac_sakutif
Writing texture: hos_tukitif
Writing texture: hos_water_sokotif
Writing texture: hos_water3tif
Writing texture: hos_watertif
Writing texture: hos_yellow_blocktif
Writing texture: hos_yuka6tif
Writing texture: hos_yukatif
Building texture archive: isk_tex.txa
Writing texture: isk_TG2tif
Writing texture: isk_ana_ctif
Writing texture: isk_block_ctif
Writing texture: isk_blocktif
Writing texture: isk_coin_walltif
Writing texture: isk_en_2tif
Writing texture: isk_grayframetif
Writing texture: isk_hatenatif
Writing texture: isk_hekiga12tif
Writing texture: isk_hekiga3tif
Writing texture: isk_hekiga7tif
Writing texture: isk_hekiga8tif
Writing texture: isk_hekiga9tif
Writing texture: isk_hikaritif
Writing texture: isk_hitugi3tif
Writing texture: isk_isk_block02btif
Writing texture: isk_isk_block03btif
Writing texture: isk_isk_block04btif
Writing texture: isk_isk_yuka1tif
Writing texture: isk_kabe_htif
Writing texture: isk_mark2tif
Writing texture: isk_oreme_btif
Writing texture: isk_sabaku_btif
Writing texture: isk_sakutif
Writing texture: isk_sikaku_2tif
Writing texture: isk_suna_4tif
Writing texture: isk_suna3tif
Writing texture: isk_tizu5tif
Writing texture: isk_tizu6tif
Writing texture: isk_wang1tif
Writing texture: isk_wang2tif
Writing texture: isk_wang3tif
Writing texture: isk_yuka_ctif
Building texture archive: iwa_tex.txa
Writing texture: iwa_back_2tif
Writing texture: iwa_berosaidetif
Writing texture: iwa_dropwater_btif
Writing texture: iwa_dropwatertif
Writing texture: iwa_frametif
Writing texture: iwa_g_and_btif
Writing texture: iwa_green_etif
Writing texture: iwa_hanastif
Writing texture: iwa_hapa34tif
Writing texture: iwa_iwa_sakutif
Writing texture: iwa_iwa_togo_atif
Writing texture: iwa_iwa_walltif
Writing texture: iwa_iwa_woodtif
Writing texture: iwa_iwasakutif
Writing texture: iwa_kabe12tif
Writing texture: iwa_kabekusatif
Writing texture: iwa_komonotif
Writing texture: iwa_mac_britshcuttif
Writing texture: iwa_mac_britshtreetif
Writing texture: iwa_mac_clocktif
Writing texture: iwa_mac_edgetif
Writing texture: iwa_mac_fieldtif
Writing texture: iwa_mac_fumikiritif
Writing texture: iwa_mac_house2tif
Writing texture: iwa_mac_kemuritif
Writing texture: iwa_mac_koushitif
Writing texture: iwa_mac_pistontif
Writing texture: iwa_mac_railwaytif
Writing texture: iwa_mac_roof1tif
Writing texture: iwa_mac_sakutif
Writing texture: iwa_mac_senrosakutif
Writing texture: iwa_midori03tif
Writing texture: iwa_nejiwoodtif
Writing texture: iwa_noisetif
Writing texture: iwa_popo_4rtif
Writing texture: iwa_popo_5tif
Writing texture: iwa_reef_ltif
Writing texture: iwa_roadtif
Writing texture: iwa_rock_edge_atif
Writing texture: iwa_rock_edge_stif
Writing texture: iwa_rock_edgetif
Writing texture: iwa_ropetif
Writing texture: iwa_s_road_2tif
Writing texture: iwa_s_road_3tif
Writing texture: iwa_sakutif
Writing texture: iwa_steamtif
Writing texture: iwa_su_1tif
Writing texture: iwa_suberidaitif
Writing texture: iwa_sutif
Writing texture: iwa_syarintif
Writing texture: iwa_t_taki1tif
Writing texture: iwa_temae1tif
Writing texture: iwa_wood_pole_b_btif
Building texture archive: jan_tex.txa
Writing texture: jan_bananahatif
Writing texture: jan_berosaidetif
Writing texture: jan_block_ctif
Writing texture: jan_boaltif
Writing texture: jan_cycad_reeftif
Writing texture: jan_cycadtif
Writing texture: jan_daikinohatif
Writing texture: jan_dekaikitif
Writing texture: jan_flower_02tif
Writing texture: jan_frametif
Writing texture: jan_green_ctif
Writing texture: jan_hana_ftif
Writing texture: jan_hikiato2tif
Writing texture: jan_hoppetif
Writing texture: jan_hunsuitif
Writing texture: jan_iwashitatif
Writing texture: jan_iwatemaetif
Writing texture: jan_iwayukatif
Writing texture: jan_j_isi2tif
Writing texture: jan_j_isitif
Writing texture: jan_j_iwatif
Writing texture: jan_j_kazariha2tif
Writing texture: jan_j_sakutif
Writing texture: jan_j_tuta02tif
Writing texture: jan_j_tuta06tif
Writing texture: jan_j_tutatif
Writing texture: jan_j_tutitif
Writing texture: jan_jan_jimentif
Writing texture: jan_jan_kabemizutif
Writing texture: jan_jan_kabetif
Writing texture: jan_jan_kukitif
Writing texture: jan_jan_marutatif
Writing texture: jan_jan_mizukabetif
Writing texture: jan_jan_reef02tif
Writing texture: jan_jan_reeftif
Writing texture: jan_jan_sigemi_02tif
Writing texture: jan_jan_sigemitif
Writing texture: jan_jan_treetif
Writing texture: jan_janguluhatif
Writing texture: jan_jangulukusa_02tif
Writing texture: jan_jangulukusa4tif
Writing texture: jan_jangulukusatif
Writing texture: jan_jankitif
Writing texture: jan_jb_hasira3tif
Writing texture: jan_jb_isitif
Writing texture: jan_jb_moyou2tif
Writing texture: jan_jb_moyou3tif
Writing texture: jan_kagotif
Writing texture: jan_kanbantif
Writing texture: jan_kassya2tif
Writing texture: jan_kassyatif
Writing texture: jan_kinoha5tif
Writing texture: jan_kinoita3tif
Writing texture: jan_kinoita4tif
Writing texture: jan_kinoitatif
Writing texture: jan_kinokusa2tif
Writing texture: jan_kinokusa6tif
Writing texture: jan_kinokusatif
Writing texture: jan_kinometif
Writing texture: jan_kinopiotif
Writing texture: jan_kokekusatif
Writing texture: jan_kujira_haratif
Writing texture: jan_kusa5tif
Writing texture: jan_kusatif
Writing texture: jan_mac_house6tif
Writing texture: jan_nami2tif
Writing texture: jan_naminami4tif
Writing texture: jan_namitif
Writing texture: jan_qchannosutif
Writing texture: jan_rock_btif
Writing texture: jan_ropetif
Writing texture: jan_sima4tif
Writing texture: jan_sunahama4tif
Writing texture: jan_t_dokankun3tif
Writing texture: jan_t_iwahashitif
Writing texture: jan_t_iwayougantif
Writing texture: jan_t_sizuku1tif
Writing texture: jan_to1_iwakabetif
Writing texture: jan_tree_jantif
Writing texture: jan_tutitutitif
Writing texture: jan_yasiha4tif
Writing texture: jan_yasiki2tif
Writing texture: jan_yasimi2tif
Writing texture: jan_yougantif
Building texture archive: kgr_tex.txa
Writing texture: kgr_binn2tif
Writing texture: kgr_grayframetif
Writing texture: kgr_kinoitatif
Writing texture: kgr_m_honetif
Writing texture: kgr_m_kabe2tif
Writing texture: kgr_m_kabetif
Writing texture: kgr_mac_berotif
Writing texture: kgr_mac_doortif
Writing texture: kgr_mac_house2tif
Writing texture: kgr_water3tif
Building texture archive: kkj_tex.txa
Writing texture: kkj_akaritif
Writing texture: kkj_berosaidetif
Writing texture: kkj_bouquettif
Writing texture: kkj_brcktif
Writing texture: kkj_checktif
Writing texture: kkj_d_kitif
Writing texture: kkj_d_lighttif
Writing texture: kkj_dec_planttif
Writing texture: kkj_donchoutif
Writing texture: kkj_doresu_02tif
Writing texture: kkj_etif
Writing texture: kkj_floor_btif
Writing texture: kkj_goldsakutif
Writing texture: kkj_grayframetif
Writing texture: kkj_hana_ftif
Writing texture: kkj_hanatif
Writing texture: kkj_hikaritif
Writing texture: kkj_hikidasitif
Writing texture: kkj_hon2tif
Writing texture: kkj_hon3tif
Writing texture: kkj_hon4tif
Writing texture: kkj_hontif
Writing texture: kkj_huwahuwa3tif
Writing texture: kkj_i_togetif
Writing texture: kkj_iwatif
Writing texture: kkj_jyuutan2tif
Writing texture: kkj_k_batutif
Writing texture: kkj_k_denki11tif
Writing texture: kkj_k_denki12tif
Writing texture: kkj_k_denki13tif
Writing texture: kkj_k_denki14tif
Writing texture: kkj_k_denki15tif
Writing texture: kkj_k_donchoutif
Writing texture: kkj_k_eggtif
Writing texture: kkj_k_hatenatif
Writing texture: kkj_k_hutontif
Writing texture: kkj_k_itigotif
Writing texture: kkj_k_kabe2tif
Writing texture: kkj_k_kabesitatif
Writing texture: kkj_k_konatif
Writing texture: kkj_k_kumo_02tif
Writing texture: kkj_k_kumotif
Writing texture: kkj_k_marutif
Writing texture: kkj_k_mokumetif
Writing texture: kkj_k_nabe2tif
Writing texture: kkj_k_nagasitif
Writing texture: kkj_k_obuntif
Writing texture: kkj_k_otamatif
Writing texture: kkj_k_pole02tif
Writing texture: kkj_k_senzaitif
Writing texture: kkj_k_star_doortif
Writing texture: kkj_k_teppann2tif
Writing texture: kkj_k_tutitif
Writing texture: kkj_k_walltif
Writing texture: kkj_k_yuka2tif
Writing texture: kkj_k_yuka4tif
Writing texture: kkj_kabe_blocktif
Writing texture: kkj_kabe_edgetif
Writing texture: kkj_kabekazaritif
Writing texture: kkj_kabin3tif
Writing texture: kkj_kabintif
Writing texture: kkj_kagetif
Writing texture: kkj_kagotif
Writing texture: kkj_kazaritif
Writing texture: kkj_kinoita3tif
Writing texture: kkj_kinotif
Writing texture: kkj_kkj_bouquettif
Writing texture: kkj_kkj_chandeliertif
Writing texture: kkj_kkj_kabetif
Writing texture: kkj_kkj_planttif
Writing texture: kkj_kkj_poletif
Writing texture: kkj_kkj_star_doortif
Writing texture: kkj_kkj_wall3tif
Writing texture: kkj_kkj_walltif
Writing texture: kkj_kusshontif
Writing texture: kkj_long_windowtif
Writing texture: kkj_mac_fieldtif
Writing texture: kkj_mac_house7tif
Writing texture: kkj_mac_house8tif
Writing texture: kkj_mado_akaritif
Writing texture: kkj_madotif
Writing texture: kkj_metif
Writing texture: kkj_nunosiwatif
Writing texture: kkj_puropera2tif
Writing texture: kkj_red_carpettif
Writing texture: kkj_relieftif
Writing texture: kkj_ropetif
Writing texture: kkj_rousoku_ftif
Writing texture: kkj_rousoku4tif
Writing texture: kkj_sakutif
Writing texture: kkj_saratif
Writing texture: kkj_shirokabetif
Writing texture: kkj_shiroyanetif
Writing texture: kkj_star_door_bluetif
Writing texture: kkj_sunlighttif
Writing texture: kkj_tesuritif
Writing texture: kkj_tokei_dtif
Writing texture: kkj_tukue2tif
Writing texture: kkj_tukuetif
Writing texture: kkj_wall_etif
Writing texture: kkj_wall_mtif
Writing texture: kkj_yellow_blocktif
Writing texture: kkj_yuka6tif
Building texture archive: kmr_tex.txa
Writing texture: kmr_00_0tif
Writing texture: kmr_00_reef_ltif
Writing texture: kmr_00_reef_mtif
Writing texture: kmr_00a_reef_h2tif
Writing texture: kmr_00b_reef_h2tif
Writing texture: kmr_berandatif
Writing texture: kmr_berosaidetif
Writing texture: kmr_bintif
Writing texture: kmr_block_smalltif
Writing texture: kmr_castle_pointtif
Writing texture: kmr_cha_kinokotif
Writing texture: kmr_dec_planttif
Writing texture: kmr_dokantif
Writing texture: kmr_door_01_btif
Writing texture: kmr_dtif
Writing texture: kmr_etif
Writing texture: kmr_fencetif
Writing texture: kmr_flower_01tif
Writing texture: kmr_frametif
Writing texture: kmr_graytif
Writing texture: kmr_gree_edge1tif
Writing texture: kmr_gree_edgetif
Writing texture: kmr_green_c_roadtif
Writing texture: kmr_green_ctif
Writing texture: kmr_green_edgetif
Writing texture: kmr_green_etif
Writing texture: kmr_green_wtif
Writing texture: kmr_hangatif
Writing texture: kmr_hashi53tif
Writing texture: kmr_heya_2tif
Writing texture: kmr_htif
Writing texture: kmr_in_2tif
Writing texture: kmr_iwashitatif
Writing texture: kmr_iwatemaetif
Writing texture: kmr_iwatif
Writing texture: kmr_iwayukatif
Writing texture: kmr_kanbantif
Writing texture: kmr_kemuritif
Writing texture: kmr_kidayotif
Writing texture: kmr_kinopiotif
Writing texture: kmr_kkg_doortif
Writing texture: kmr_kkg_madotif
Writing texture: kmr_kkg_wall_atif
Writing texture: kmr_kkg_wall_btif
Writing texture: kmr_kkg_wall_ctif
Writing texture: kmr_kkg_yukatif
Writing texture: kmr_kmr_batu01tif
Writing texture: kmr_kmr_green_00c_1tif
Writing texture: kmr_kmr_green_00c_2tif
Writing texture: kmr_kmr_sakutif
Writing texture: kmr_kmr_waku3tif
Writing texture: kmr_krm_gaketif
Writing texture: kmr_kurikinokotif
Writing texture: kmr_layer_c2tif
Writing texture: kmr_layer_ctif
Writing texture: kmr_m_backtif
Writing texture: kmr_m_carpettif
Writing texture: kmr_m_hanatif
Writing texture: kmr_m_hontif
Writing texture: kmr_m_kanban2tif
Writing texture: kmr_m_kanban3tif
Writing texture: kmr_m_mado3tif
Writing texture: kmr_m_madotif
Writing texture: kmr_m_tikatif
Writing texture: kmr_m_turuhatif
Writing texture: kmr_m_turutif
Writing texture: kmr_mac_edgetif
Writing texture: kmr_mac_fieldtif
Writing texture: kmr_mac_house2tif
Writing texture: kmr_mac_house3tif
Writing texture: kmr_mac_house7tif
Writing texture: kmr_mac_roof1tif
Writing texture: kmr_mattif
Writing texture: kmr_nagatif
Writing texture: kmr_nenrintif
Writing texture: kmr_ntif
Writing texture: kmr_reef_00h_itif
Writing texture: kmr_reef_00htif
Writing texture: kmr_reef_htif
Writing texture: kmr_reef_i_kukitif
Writing texture: kmr_reef_itif
Writing texture: kmr_reef_jtif
Writing texture: kmr_reef_ltif
Writing texture: kmr_reef_mtif
Writing texture: kmr_reef_ntif
Writing texture: kmr_reef_ptif
Writing texture: kmr_s_roadberotif
Writing texture: kmr_s_roadtif
Writing texture: kmr_skystartif
Writing texture: kmr_star_objtif
Writing texture: kmr_t_dokankun3tif
Writing texture: kmr_t_iwahashiratif
Writing texture: kmr_t_iwahashitif
Writing texture: kmr_t_iwakabe2tif
Writing texture: kmr_t_iwayougantif
Writing texture: kmr_tatetif
Writing texture: kmr_teritif
Writing texture: kmr_to1_iwakabetif
Writing texture: kmr_ttif
Writing texture: kmr_uso_kinokotif
Writing texture: kmr_windou_frametif
Writing texture: kmr_wood_ctif
Writing texture: kmr_wood_dtif
Writing texture: kmr_wood_floor_ctif
Writing texture: kmr_woody_plate_jtif
Writing texture: kmr_yougantif
Writing texture: kmr_yuka6tif
Building texture archive: kpa_tex.txa
Writing texture: kpa_akari02tif
Writing texture: kpa_ana_ctif
Writing texture: kpa_backtif
Writing texture: kpa_batu01tif
Writing texture: kpa_berosaidetif
Writing texture: kpa_chandeliertif
Writing texture: kpa_coin3tif
Writing texture: kpa_doa2tif
Writing texture: kpa_edge_atif
Writing texture: kpa_floor_btif
Writing texture: kpa_floor_ctif
Writing texture: kpa_floortif
Writing texture: kpa_grayframetif
Writing texture: kpa_hi_01tif
Writing texture: kpa_hitif
Writing texture: kpa_iwa_bigtif
Writing texture: kpa_iwagattaitif
Writing texture: kpa_jimtif
Writing texture: kpa_jutantif
Writing texture: kpa_k_ana02tif
Writing texture: kpa_k_sakutif
Writing texture: kpa_k_taki1tif
Writing texture: kpa_kabe_blocktif
Writing texture: kpa_kabe12btif
Writing texture: kpa_kabe12tif
Writing texture: kpa_kabe17tif
Writing texture: kpa_kabe18tif
Writing texture: kpa_kabe19tif
Writing texture: kpa_kabe4btif
Writing texture: kpa_kabe4tif
Writing texture: kpa_kabe8btif
Writing texture: kpa_kabe8tif
Writing texture: kpa_kinoitatif
Writing texture: kpa_kpa_greentif
Writing texture: kpa_kpa_hako10tif
Writing texture: kpa_kpa_hako6tif
Writing texture: kpa_kpa_madotif
Writing texture: kpa_kpa_yaritif
Writing texture: kpa_kpa_yohane2tif
Writing texture: kpa_kpa_yohane3tif
Writing texture: kpa_kpa5_eyetif
Writing texture: kpa_kpasmoketif
Writing texture: kpa_kumo2tif
Writing texture: kpa_kumotif
Writing texture: kpa_kup_floor1tif
Writing texture: kpa_kup_floor2tif
Writing texture: kpa_kup_kumo1tif
Writing texture: kpa_kup_wall1tif
Writing texture: kpa_kup_wall2tif
Writing texture: kpa_kup_wall3tif
Writing texture: kpa_kup_wall4tif
Writing texture: kpa_kup_window1tif
Writing texture: kpa_kuppatif
Writing texture: kpa_kusari_uetif
Writing texture: kpa_kusaritif
Writing texture: kpa_maru01tif
Writing texture: kpa_me_atif
Writing texture: kpa_mtif
Writing texture: kpa_patarntif
Writing texture: kpa_plane_blocktif
Writing texture: kpa_renga_btif
Writing texture: kpa_ryusei_gou_btif
Writing texture: kpa_ryusei_goutif
Writing texture: kpa_shirokabetif
Writing texture: kpa_shiroyanetif
Writing texture: kpa_star_doortif
Writing texture: kpa_sui1tif
Writing texture: kpa_syounyuudou2tif
Writing texture: kpa_syounyuudou4tif
Writing texture: kpa_t_marutif
Writing texture: kpa_tesuri2tif
Writing texture: kpa_to_wall_aatif
Writing texture: kpa_togetif
Writing texture: kpa_trd_kusaritif
Writing texture: kpa_tsubotif
Writing texture: kpa_wall_atif
Writing texture: kpa_wall_btif
Writing texture: kpa_wall_ctif
Writing texture: kpa_wall_dtif
Writing texture: kpa_wall_ftif
Writing texture: kpa_water3tif
Writing texture: kpa_windowtif
Writing texture: kpa_yellow_blocktif
Writing texture: kpa_yogan04tif
Writing texture: kpa_yougan05tif
Writing texture: kpa_yuka2tif
Writing texture: kpa_yuka3tif
Writing texture: kpa_yuka5tif
Writing texture: kpa_yukatif
Writing texture: kpa_zyou1tif
Writing texture: kpa_zyou2tif
Writing texture: kpa_zyou3tif
Building texture archive: kzn_tex.txa
Writing texture: kzn_boaltif
Writing texture: kzn_bubble_3tif
Writing texture: kzn_bubbletif
Writing texture: kzn_fpack_headtif
Writing texture: kzn_fpack_kuki0tif
Writing texture: kzn_fpack_kuki1tif
Writing texture: kzn_fpack_shokushutif
Writing texture: kzn_goron_togetif
Writing texture: kzn_gorontif
Writing texture: kzn_grayframetif
Writing texture: kzn_hibitif
Writing texture: kzn_iwashitatif
Writing texture: kzn_iwatemae_itif
Writing texture: kzn_iwatemaetif
Writing texture: kzn_iwayukatif
Writing texture: kzn_kassya2tif
Writing texture: kzn_kassyatif
Writing texture: kzn_kemuritif
Writing texture: kzn_kzn_renga1tif
Writing texture: kzn_ropetif
Writing texture: kzn_t_ha_iwahashiratif
Writing texture: kzn_t_iwahashiratif
Writing texture: kzn_t_iwahashitif
Writing texture: kzn_t_iwakabe2_iitif
Writing texture: kzn_t_iwakabe2tif
Writing texture: kzn_t_iwapointtif
Writing texture: kzn_t_iwayougantif
Writing texture: kzn_t1_iwakabetif
Writing texture: kzn_tatetif
Writing texture: kzn_to1_iwakabetif
Writing texture: kzn_yougan05tif
Writing texture: kzn_yougantif
Writing texture: kzn_yuka_btif
Building texture archive: mac_tex.txa
Writing texture: mac_ahotif
Writing texture: mac_berosaidetif
Writing texture: mac_boo_bushtif
Writing texture: mac_bottlestif
Writing texture: mac_club64tif
Writing texture: mac_curtaintif
Writing texture: mac_dec_planttif
Writing texture: mac_decorationtif
Writing texture: mac_dr_curtaintif
Writing texture: mac_dr_yukatif
Writing texture: mac_flokukitif
Writing texture: mac_flotif
Writing texture: mac_flower_02tif
Writing texture: mac_flowertif
Writing texture: mac_frametif
Writing texture: mac_fx_cartaintif
Writing texture: mac_green_etif
Writing texture: mac_hanatif
Writing texture: mac_hontif
Writing texture: mac_hoppetif
Writing texture: mac_kanban_ekitif
Writing texture: mac_kinoitatif
Writing texture: mac_kinoko_town_ustif
Writing texture: mac_kinokodoutif
Writing texture: mac_kinopiotif
Writing texture: mac_kitchentif
Writing texture: mac_kkj_gatetif
Writing texture: mac_komonotif
Writing texture: mac_kujira_haratif
Writing texture: mac_kusa1tif
Writing texture: mac_l_0tif
Writing texture: mac_l_1tif
Writing texture: mac_l_2tif
Writing texture: mac_l_3tif
Writing texture: mac_l_4tif
Writing texture: mac_l_5tif
Writing texture: mac_l_6tif
Writing texture: mac_l_7tif
Writing texture: mac_mac_britshcuttif
Writing texture: mac_mac_britshtreetif
Writing texture: mac_mac_clocktif
Writing texture: mac_mac_doortif
Writing texture: mac_mac_edgetif
Writing texture: mac_mac_fieldtif
Writing texture: mac_mac_fumikiritif
Writing texture: mac_mac_futontif
Writing texture: mac_mac_hashigotif
Writing texture: mac_mac_house2tif
Writing texture: mac_mac_house3tif
Writing texture: mac_mac_house4tif
Writing texture: mac_mac_house5tif
Writing texture: mac_mac_house6tif
Writing texture: mac_mac_house7tif
Writing texture: mac_mac_house8tif
Writing texture: mac_mac_housedertif
Writing texture: mac_mac_jutan_uratif
Writing texture: mac_mac_jutantif
Writing texture: mac_mac_kadantif
Writing texture: mac_mac_kemuritif
Writing texture: mac_mac_koushitif
Writing texture: mac_mac_pistontif
Writing texture: mac_mac_railwaytif
Writing texture: mac_mac_ranma2tif
Writing texture: mac_mac_roof1tif
Writing texture: mac_mac_roofdertif
Writing texture: mac_mac_sakutif
Writing texture: mac_mac_senrosakutif
Writing texture: mac_mac_taremakutif
Writing texture: mac_mac_ukiwatif
Writing texture: mac_mac_waku1tif
Writing texture: mac_mac_waku2tif
Writing texture: mac_mac_waku3tif
Writing texture: mac_mac_waku4tif
Writing texture: mac_mac_window2tif
Writing texture: mac_mac_window3tif
Writing texture: mac_mac_windowtif
Writing texture: mac_mac_woodgstif
Writing texture: mac_mac_woodtif
Writing texture: mac_mac_ytana2tif
Writing texture: mac_mac_ytanatif
Writing texture: mac_macdoortif
Writing texture: mac_mirror2tif
Writing texture: mac_mizutif
Writing texture: mac_newspapertif
Writing texture: mac_papertif
Writing texture: mac_popo_4stif
Writing texture: mac_popo_5tif
Writing texture: mac_post_kanbantif
Writing texture: mac_rakugakitif
Writing texture: mac_relieftif
Writing texture: mac_road_signtif
Writing texture: mac_rock_3btif
Writing texture: mac_s_roadberotif
Writing texture: mac_standtif
Writing texture: mac_syarintif
Writing texture: mac_t_dokankun3tif
Writing texture: mac_tablecrosstif
Writing texture: mac_tanatif
Writing texture: mac_tobiratif
Writing texture: mac_toyboxtif
Writing texture: mac_umisokotif
Writing texture: mac_umitif
Writing texture: mac_wall_mtif
Writing texture: mac_wood_pole_btif
Building texture archive: mgm_tex.txa
Writing texture: mgm_1cointif
Writing texture: mgm_3coinstif
Writing texture: mgm_3timestif
Writing texture: mgm_boardtif
Writing texture: mgm_c1tif
Writing texture: mgm_floortif
Writing texture: mgm_hishitif
Writing texture: mgm_kino_box_btif
Writing texture: mgm_kino_box_gtif
Writing texture: mgm_koopa_cardtif
Writing texture: mgm_peach_cointif
Writing texture: mgm_platetif
Writing texture: mgm_spottif
Writing texture: mgm_star_floortif
Writing texture: mgm_t_dokankun3tif
Building texture archive: mim_tex.txa
Writing texture: mim_bedtif
Writing texture: mim_berosaidetif
Writing texture: mim_danrotif
Writing texture: mim_dark_berotif
Writing texture: mim_dark_bushtif
Writing texture: mim_dark_eye444tif
Writing texture: mim_dark_hana1tif
Writing texture: mim_dark_hana3tif
Writing texture: mim_dark_kinoko2tif
Writing texture: mim_dark_kinokotif
Writing texture: mim_dark_mitikusatif
Writing texture: mim_dark_mouse2tif
Writing texture: mim_dark_mouse3tif
Writing texture: mim_dark_redeyetif
Writing texture: mim_dark_reeftif
Writing texture: mim_dark_roadtif
Writing texture: mim_dark_rocktif
Writing texture: mim_darkgreen2tif
Writing texture: mim_darkwoodtif
Writing texture: mim_doortif
Writing texture: mim_grayframetif
Writing texture: mim_h_greentif
Writing texture: mim_h_kabe2tif
Writing texture: mim_h_kabetif
Writing texture: mim_h_kazaritif
Writing texture: mim_h_sakutif
Writing texture: mim_h_yane1tif
Writing texture: mim_hachinosutif
Writing texture: mim_hanatif
Writing texture: mim_hashira_atif
Writing texture: mim_hashiratif
Writing texture: mim_hilltif
Writing texture: mim_iwa_2tif
Writing texture: mim_kabebe_mtif
Writing texture: mim_kaidan_5tif
Writing texture: mim_kare_edatif
Writing texture: mim_kusa1tif
Writing texture: mim_kusaritif
Writing texture: mim_kusatif
Writing texture: mim_mac_britshcuttif
Writing texture: mim_mac_britshtreetif
Writing texture: mim_mac_edgetif
Writing texture: mim_mac_sakutif
Writing texture: mim_mado_2tif
Writing texture: mim_wood_floor_ctif
Writing texture: mim_yuka_t1tif
Writing texture: mim_yuka_tairu3tif
Writing texture: mim_zimen2tif
Building texture archive: nok_tex.txa
Writing texture: nok_amitif
Writing texture: nok_ana_ctif
Writing texture: nok_back_2tif
Writing texture: nok_berosaidetif
Writing texture: nok_block_ctif
Writing texture: nok_blook2tif
Writing texture: nok_blooktif
Writing texture: nok_dec_planttif
Writing texture: nok_flower_02tif
Writing texture: nok_frametif
Writing texture: nok_g_and_btif
Writing texture: nok_green_etif
Writing texture: nok_hana_btif
Writing texture: nok_hana_ftif
Writing texture: nok_hanastif
Writing texture: nok_hapa34tif
Writing texture: nok_hapatif
Writing texture: nok_hashi33tif
Writing texture: nok_hon2tif
Writing texture: nok_hontif
Writing texture: nok_huton_02tif
Writing texture: nok_itatif
Writing texture: nok_iwa_atif
Writing texture: nok_jimentif
Writing texture: nok_kabe10tif
Writing texture: nok_kabe12_btif
Writing texture: nok_kabe12_wtif
Writing texture: nok_kabe12tif
Writing texture: nok_kabe6tif
Writing texture: nok_kabe8tif
Writing texture: nok_kabegami_3tif
Writing texture: nok_kabegami_ftif
Writing texture: nok_kabekusatif
Writing texture: nok_kabetif
Writing texture: nok_kanban4tif
Writing texture: nok_kanban6tif
Writing texture: nok_kinopiotif
Writing texture: nok_kirakiratif
Writing texture: nok_kishikakutif
Writing texture: nok_kusakusa1tif
Writing texture: nok_kusatif
Writing texture: nok_log_sidetif
Writing texture: nok_mac_fieldtif
Writing texture: nok_mac_house7tif
Writing texture: nok_mac_house8tif
Writing texture: nok_mac_sakutif
Writing texture: nok_mado_9tif
Writing texture: nok_midori03tif
Writing texture: nok_miki4tif
Writing texture: nok_n_yasihatif
Writing texture: nok_n_yasikitif
Writing texture: nok_nagaretif
Writing texture: nok_nok_suimentif
Writing texture: nok_radio2tif
Writing texture: nok_reef_htif
Writing texture: nok_reef_i_kukitif
Writing texture: nok_ren_atif
Writing texture: nok_renga_edgetif
Writing texture: nok_renga10tif
Writing texture: nok_renga12tif
Writing texture: nok_sabaku_btif
Writing texture: nok_sakusakutif
Writing texture: nok_sakusatif
Writing texture: nok_sakutif
Writing texture: nok_simatif
Writing texture: nok_t_dokankun3tif
Writing texture: nok_tana_1tif
Writing texture: nok_tana_3tif
Writing texture: nok_tana_ctif
Writing texture: nok_temae1tif
Writing texture: nok_tesuritif
Writing texture: nok_tizutif
Writing texture: nok_turu_1tif
Writing texture: nok_wall_mtif
Writing texture: nok_water_sokotif
Writing texture: nok_wood_floor_ctif
Writing texture: nok_yuka3tif
Writing texture: nok_yuka6tif
Writing texture: nok_yuka7tif
Writing texture: nok_yukatif
Building texture archive: obk_tex.txa
Writing texture: obk_bedtif
Writing texture: obk_danrotif
Writing texture: obk_denki_3btif
Writing texture: obk_denki_rtif
Writing texture: obk_denki64tif
Writing texture: obk_door_01_btif
Writing texture: obk_door_1tif
Writing texture: obk_doortif
Writing texture: obk_hashira_atif
Writing texture: obk_hashira_u_1tif
Writing texture: obk_hashiratif
Writing texture: obk_hei_1tif
Writing texture: obk_heitif
Writing texture: obk_hi_1_atif
Writing texture: obk_hibitif
Writing texture: obk_hokori1tif
Writing texture: obk_hon2tif
Writing texture: obk_howahowa_mtif
Writing texture: obk_howahowatif
Writing texture: obk_kabe_heyatif
Writing texture: obk_kabebe_12tif
Writing texture: obk_kabebe_mtif
Writing texture: obk_kabebetif
Writing texture: obk_kaidan_01tif
Writing texture: obk_kaidan_3tif
Writing texture: obk_kaidan_5tif
Writing texture: obk_kaidan_6tif
Writing texture: obk_kaidantif
Writing texture: obk_kusari_stif
Writing texture: obk_kusaritif
Writing texture: obk_mado_3tif
Writing texture: obk_mattif
Writing texture: obk_nuno_1tif
Writing texture: obk_nuno_2tif
Writing texture: obk_nuno_3tif
Writing texture: obk_reco2tif
Writing texture: obk_sofatif
Writing texture: obk_sotokabetif
Writing texture: obk_tabul_1tif
Writing texture: obk_tabultif
Writing texture: obk_takitif
Writing texture: obk_tansutif
Writing texture: obk_tere_e_a_2tif
Writing texture: obk_tere_tere_ttif
Writing texture: obk_tere_teretif
Writing texture: obk_tererere_1tif
Writing texture: obk_tererere_2tif
Writing texture: obk_tkomonotif
Writing texture: obk_to_1tif
Writing texture: obk_tokeitif
Writing texture: obk_totif
Writing texture: obk_yuka_mctif
Writing texture: obk_yuka_t1tif
Writing texture: obk_yuka_tairu3tif
Writing texture: obk_yuka_tairutif
Building texture archive: omo_tex.txa
Writing texture: omo_1tif
Writing texture: omo_2tif
Writing texture: omo_3tif
Writing texture: omo_4tif
Writing texture: omo_5tif
Writing texture: omo_a_2tif
Writing texture: omo_amiami2tif
Writing texture: omo_ana_2tif
Writing texture: omo_berosaidetif
Writing texture: omo_c_s2_2_utif
Writing texture: omo_c_s2_2tif
Writing texture: omo_c_s2_3_utif
Writing texture: omo_c_s2_3tif
Writing texture: omo_c_s2_4_utif
Writing texture: omo_c_s2_4tif
Writing texture: omo_c_s2_6_utif
Writing texture: omo_c_s2_6tif
Writing texture: omo_c_s23tif
Writing texture: omo_denkitif
Writing texture: omo_e_1_1tif
Writing texture: omo_e_2tif
Writing texture: omo_e_r2tif
Writing texture: omo_e_rgtif
Writing texture: omo_e_rhtif
Writing texture: omo_e_ritif
Writing texture: omo_e1tif
Writing texture: omo_e2tif
Writing texture: omo_etif
Writing texture: omo_frametif
Writing texture: omo_humitif
Writing texture: omo_i_2tif
Writing texture: omo_jamp2tif
Writing texture: omo_kabe_2tif
Writing texture: omo_kabe2tif
Writing texture: omo_kabetif
Writing texture: omo_kazaritif
Writing texture: omo_kmr_saku2tif
Writing texture: omo_kmr_saku333tif
Writing texture: omo_kmr_sakutif
Writing texture: omo_linetif
Writing texture: omo_m1_atif
Writing texture: omo_m2_atif
Writing texture: omo_m3_atif
Writing texture: omo_m4_atif
Writing texture: omo_m5_atif
Writing texture: omo_m6_atif
Writing texture: omo_mado_2tif
Writing texture: omo_mado_3_1tif
Writing texture: omo_madotif
Writing texture: omo_n_2tif
Writing texture: omo_nezi2tif
Writing texture: omo_nor_1btif
Writing texture: omo_nor_3ctif
Writing texture: omo_nor_nejitif
Writing texture: omo_nor_syarintif
Writing texture: omo_o_2tif
Writing texture: omo_omo_2_3tif
Writing texture: omo_omo_3tif
Writing texture: omo_omo_hibitif
Writing texture: omo_po_2tif
Writing texture: omo_potif
Writing texture: omo_s_2tif
Writing texture: omo_senro_2tif
Writing texture: omo_senrotif
Writing texture: omo_shirotif
Writing texture: omo_shirushi_1tif
Writing texture: omo_shirushi_2tif
Writing texture: omo_shirushi_3tif
Writing texture: omo_shirushi_4tif
Writing texture: omo_shy_atafuta0tif
Writing texture: omo_slot_3_1_2tif
Writing texture: omo_slot_3tif
Writing texture: omo_slot_cointif
Writing texture: omo_slot_miniheitif
Writing texture: omo_slot_startif
Writing texture: omo_slottif
Writing texture: omo_start1tif
Writing texture: omo_t_2tif
Writing texture: omo_tokeitif
Writing texture: omo_tumiki_1tif
Writing texture: omo_tumiki_2_1tif
Writing texture: omo_tumiki_3_1_2tif
Writing texture: omo_tumiki_4_1tif
Writing texture: omo_tumiki_4_atif
Writing texture: omo_tumiki_5_1tif
Writing texture: omo_tumiki_7_1tif
Writing texture: omo_tumiki_8_1tif
Writing texture: omo_wood_floor_ctif
Writing texture: omo_yaji_1tif
Writing texture: omo_yaji1_1tif
Writing texture: omo_yaji1tif
Writing texture: omo_yajiruc_1itif
Writing texture: omo_yajitif
Writing texture: omo_yane_atif
Writing texture: omo_yuka_block3tif
Writing texture: omo_yuka_block4_1tif
Writing texture: omo_yuka_block4tif
Building texture archive: osr_tex.txa
Writing texture: osr_berosaidetif
Writing texture: osr_bloktif
Writing texture: osr_brcktif
Writing texture: osr_checktif
Writing texture: osr_dec_planttif
Writing texture: osr_doa2tif
Writing texture: osr_flagtif
Writing texture: osr_floortif
Writing texture: osr_frametif
Writing texture: osr_funtif
Writing texture: osr_gake_atif
Writing texture: osr_gake_btif
Writing texture: osr_grayframetif
Writing texture: osr_green_etif
Writing texture: osr_hanatif
Writing texture: osr_howahowatif
Writing texture: osr_i_togetif
Writing texture: osr_iwa_bigtif
Writing texture: osr_iwagattaitif
Writing texture: osr_jim2tif
Writing texture: osr_jimentif
Writing texture: osr_jimtif
Writing texture: osr_k_star_doortif
Writing texture: osr_k_walltif
Writing texture: osr_kabe_blocktif
Writing texture: osr_kabe_edgetif
Writing texture: osr_kemuri_anitif
Writing texture: osr_kinotif
Writing texture: osr_kumo3tif
Writing texture: osr_kumotif
Writing texture: osr_kusari_uetif
Writing texture: osr_kusaritif
Writing texture: osr_mac_britshcuttif
Writing texture: osr_mac_britshtreetif
Writing texture: osr_mac_edgetif
Writing texture: osr_mac_field_gakestif
Writing texture: osr_mac_field_gaketif
Writing texture: osr_mac_fieldtif
Writing texture: osr_mac_house6tif
Writing texture: osr_mac_house7tif
Writing texture: osr_mac_house8tif
Writing texture: osr_mac_sakutif
Writing texture: osr_madotif
Writing texture: osr_me_atif
Writing texture: osr_mizutif
Writing texture: osr_mtif
Writing texture: osr_osr_green_2tif
Writing texture: osr_osr_greentif
Writing texture: osr_osr_sakutif
Writing texture: osr_plane_blocktif
Writing texture: osr_renga_btif
Writing texture: osr_ryusei_gou_btif
Writing texture: osr_ryusei_goutif
Writing texture: osr_sakutif
Writing texture: osr_shirokabetif
Writing texture: osr_shiroyanetif
Writing texture: osr_t_hei2tif
Writing texture: osr_t_mac_britshcuttif
Writing texture: osr_t_mac_fieldtif
Writing texture: osr_t_mac_house7tif
Writing texture: osr_t_mac_sakutif
Writing texture: osr_t_marutif
Writing texture: osr_to_toge_atif
Writing texture: osr_to_wall_aatif
Writing texture: osr_togetif
Writing texture: osr_wall_ctif
Writing texture: osr_wall_etif
Writing texture: osr_wall_mtif
Writing texture: osr_yellow_blocktif
Building texture archive: pra_tex.txa
Writing texture: pra_batutif
Writing texture: pra_gabonn_1tif
Writing texture: pra_gabonn_2tif
Writing texture: pra_grayframetif
Writing texture: pra_hansya3tif
Writing texture: pra_hatenatif
Writing texture: pra_ice_dossuntif
Writing texture: pra_odo_iwahashi3tif
Writing texture: pra_odo_iwatif
Writing texture: pra_pen_snow2tif
Writing texture: pra_pen_snowtif
Writing texture: pra_pra_ana_atif
Writing texture: pra_pra_daitif
Writing texture: pra_pra_doortif
Writing texture: pra_pra_field3tif
Writing texture: pra_pra_hari_btif
Writing texture: pra_pra_hashi1_itif
Writing texture: pra_pra_hashi2_atif
Writing texture: pra_pra_hashira_btif
Writing texture: pra_pra_hashira3_btif
Writing texture: pra_pra_hashira5tif
Writing texture: pra_pra_hashiratif
Writing texture: pra_pra_icetif
Writing texture: pra_pra_rennga02tif
Writing texture: pra_pra_tenjou2tif
Writing texture: pra_pra_walltif
Writing texture: pra_pra_zoumetif
Writing texture: pra_pra_zoushitatif
Writing texture: pra_pra_zoutogetif
Writing texture: pra_pra_zouuetif
Writing texture: pra_s_yama1tif
Writing texture: pra_s_yama3tif
Building texture archive: sam_tex.txa
Writing texture: sam_berosaidetif
Writing texture: sam_binn2tif
Writing texture: sam_bintif
Writing texture: sam_dannro02tif
Writing texture: sam_doa1tif
Writing texture: sam_dokankuntif
Writing texture: sam_flower_02tif
Writing texture: sam_frametif
Writing texture: sam_grayframetif
Writing texture: sam_hasira1tif
Writing texture: sam_himo01tif
Writing texture: sam_hon01tif
Writing texture: sam_hon02tif
Writing texture: sam_hon03tif
Writing texture: sam_hon04tif
Writing texture: sam_hon2tif
Writing texture: sam_hon3tif
Writing texture: sam_hontif
Writing texture: sam_ice3tif
Writing texture: sam_kago2tif
Writing texture: sam_kagotif
Writing texture: sam_kakigouri1tif
Writing texture: sam_kakigouri2tif
Writing texture: sam_kami02tif
Writing texture: sam_kami03tif
Writing texture: sam_kazari2tif
Writing texture: sam_keito1tif
Writing texture: sam_ki3tif
Writing texture: sam_kinoitatif
Writing texture: sam_kinopiotif
Writing texture: sam_nabe_atif
Writing texture: sam_nabe_btif
Writing texture: sam_nabe_ctif
Writing texture: sam_nabe_dtif
Writing texture: sam_odo_iwahashi3tif
Writing texture: sam_odo_iwatif
Writing texture: sam_pen_snow2tif
Writing texture: sam_pen_snow3tif
Writing texture: sam_pen_snowtif
Writing texture: sam_ranpu01tif
Writing texture: sam_s_anatif
Writing texture: sam_s_dannro1tif
Writing texture: sam_s_dannro2tif
Writing texture: sam_s_danro3tif
Writing texture: sam_s_danro4tif
Writing texture: sam_s_doa1tif
Writing texture: sam_s_doa2tif
Writing texture: sam_s_doatif
Writing texture: sam_s_futon2tif
Writing texture: sam_s_futon3tif
Writing texture: sam_s_kabe1tif
Writing texture: sam_s_kabe2tif
Writing texture: sam_s_kabe3tif
Writing texture: sam_s_kabetif
Writing texture: sam_s_kazari1tif
Writing texture: sam_s_kemutif
Writing texture: sam_s_kesyou2tif
Writing texture: sam_s_mado1tif
Writing texture: sam_s_mado2tif
Writing texture: sam_s_mafuretif
Writing texture: sam_s_metif
Writing texture: sam_s_road1tif
Writing texture: sam_s_saku3tif
Writing texture: sam_s_sakutif
Writing texture: sam_s_treetif
Writing texture: sam_s_turara2tif
Writing texture: sam_s_zyuutantif
Writing texture: sam_sam_block01tif
Writing texture: sam_star1tif
Writing texture: sam_sui01tif
Writing texture: sam_t_chear2tif
Writing texture: sam_t_cheartif
Writing texture: sam_t_dokankun3tif
Writing texture: sam_t_katen1tif
Writing texture: sam_taru1tif
Writing texture: sam_woody_plate_jtif
Writing texture: sam_yamatif
Writing texture: sam_yane_yukitif
Building texture archive: sbk_tex.txa
Writing texture: sbk_berosaidetif
Writing texture: sbk_blocktif
Writing texture: sbk_coin_walltif
Writing texture: sbk_flower1tif
Writing texture: sbk_flower2tif
Writing texture: sbk_frametif
Writing texture: sbk_gyuutanntif
Writing texture: sbk_ha1tif
Writing texture: sbk_iseki_floortif
Writing texture: sbk_iwa_togo_atif
Writing texture: sbk_iwa_walltif
Writing texture: sbk_iwa_woodtif
Writing texture: sbk_iwa01tif
Writing texture: sbk_iwasakutif
Writing texture: sbk_kabe_htif
Writing texture: sbk_kabe1tif
Writing texture: sbk_kemuritif
Writing texture: sbk_kusa3tif
Writing texture: sbk_miki1tif
Writing texture: sbk_mizu1tif
Writing texture: sbk_moyou2tif
Writing texture: sbk_noisetif
Writing texture: sbk_papyrustif
Writing texture: sbk_ramptif
Writing texture: sbk_rock_edge_atif
Writing texture: sbk_rock_edgetif
Writing texture: sbk_s_road_3tif
Writing texture: sbk_sabakuiwatif
Writing texture: sbk_sabakureeftif
Writing texture: sbk_sabo02tif
Writing texture: sbk_sabo2tif
Writing texture: sbk_sabotif
Writing texture: sbk_sndtif
Writing texture: sbk_suna2tif
Writing texture: sbk_suna3tif
Writing texture: sbk_tenttif
Writing texture: sbk_togetif
Writing texture: sbk_upperlighttif
Writing texture: sbk_wang1tif
Writing texture: sbk_wang2tif
Writing texture: sbk_wang3tif
Writing texture: sbk_woody_plate_dtif
Writing texture: sbk_yuka_ctif
Writing texture: sbk_zimen2tif
Building texture archive: tik_tex.txa
Writing texture: tik_bin_rbr01tif
Writing texture: tik_doa1tif
Writing texture: tik_frozentif
Writing texture: tik_grayframetif
Writing texture: tik_icetif
Writing texture: tik_kan1tif
Writing texture: tik_kinoitatif
Writing texture: tik_mac_doortif
Writing texture: tik_oregl3tif
Writing texture: tik_t_chear2tif
Writing texture: tik_t_cheartif
Writing texture: tik_t_doatif
Writing texture: tik_t_dokankun2tif
Writing texture: tik_t_dokankun3tif
Writing texture: tik_t_ice3tif
Writing texture: tik_t_katen1tif
Writing texture: tik_t_kazari1tif
Writing texture: tik_t_kiri1tif
Writing texture: tik_t_sakutif
Writing texture: tik_t_sizuku1tif
Writing texture: tik_t_taki1tif
Writing texture: tik_t_taki5tif
Writing texture: tik_t_taki6tif
Writing texture: tik_t_taki7tif
Writing texture: tik_t_turara1tif
Writing texture: tik_t_yuka1tif
Writing texture: tik_tn_kabe3tif
Writing texture: tik_togetif
Building texture archive: trd_tex.txa
Writing texture: trd_ana_ctif
Writing texture: trd_berosaidetif
Writing texture: trd_block_dtif
Writing texture: trd_block_e2ttif
Writing texture: trd_block_etif
Writing texture: trd_doatif
Writing texture: trd_frametif
Writing texture: trd_futa1tif
Writing texture: trd_grayframetif
Writing texture: trd_green_etif
Writing texture: trd_hikaritif
Writing texture: trd_kabe10tif
Writing texture: trd_kabe3tif
Writing texture: trd_kabe5tif
Writing texture: trd_kabe6tif
Writing texture: trd_kabe8tif
Writing texture: trd_kabekusatif
Writing texture: trd_kabetif
Writing texture: trd_kamitif
Writing texture: trd_kawa_atif
Writing texture: trd_kitif
Writing texture: trd_komatif
Writing texture: trd_kubiwatif
Writing texture: trd_kusaritif
Writing texture: trd_mado6tif
Writing texture: trd_mado7tif
Writing texture: trd_me_btif
Writing texture: trd_nuno_ctif
Writing texture: trd_nuno_etif
Writing texture: trd_peachtif
Writing texture: trd_saku2tif
Writing texture: trd_saku3tif
Writing texture: trd_saku4tif
Writing texture: trd_saku5tif
Writing texture: trd_sakutif
Writing texture: trd_sui1tif
Writing texture: trd_t_sui2tif
Writing texture: trd_trd_block2tif
Writing texture: trd_trd_kusaritif
Writing texture: trd_trd_taki1tif
Writing texture: trd_trd_taki2tif
Writing texture: trd_water_sokotif
Writing texture: trd_water3tif
Writing texture: trd_yuka3tif
Writing texture: trd_yuka4tif
Building texture archive: tst_tex.txa
Writing texture: tst_berosaidetif
Writing texture: tst_c_block02rgb
Writing texture: tst_dokantif
Writing texture: tst_flo_kusa1tif
Writing texture: tst_flo_kusa2tif
Writing texture: tst_flo_roadtif
Writing texture: tst_flower_ac4tif
Writing texture: tst_flower_edge3tif
Writing texture: tst_flower_field3tif
Writing texture: tst_flower_top2tif
Writing texture: tst_flower_top3tif
Writing texture: tst_frametif
Writing texture: tst_green_etif
Writing texture: tst_hana_ftif
Writing texture: tst_hanatabatif
Writing texture: tst_happa2tif
Writing texture: tst_hashi33tif
Writing texture: tst_hi_blocktif
Writing texture: tst_ibaratif
Writing texture: tst_ichimatsu1tif
Writing texture: tst_ichimatsu4tif
Writing texture: tst_itatif
Writing texture: tst_kabe12_wtif
Writing texture: tst_kabe12tif
Writing texture: tst_ki_atif
Writing texture: tst_kinoha5tif
Writing texture: tst_kinoita2tif
Writing texture: tst_kirakiratif
Writing texture: tst_kuki3tif
Writing texture: tst_log_sidetif
Writing texture: tst_mac_fieldtif
Writing texture: tst_mario_rtif
Writing texture: tst_miki4tif
Writing texture: tst_mikitif
Writing texture: tst_pra_backtif
Writing texture: tst_pra_field2tif
Writing texture: tst_pra_field4tif
Writing texture: tst_pra_hasgira2tif
Writing texture: tst_pra_hashiratif
Writing texture: tst_pra_icetif
Writing texture: tst_pra_walltif
Writing texture: tst_reef_etif
Writing texture: tst_reef_ktif
Writing texture: tst_renga_edgetif
Writing texture: tst_renga10tif
Writing texture: tst_renga2tif
Writing texture: tst_rengatif
Writing texture: tst_s_roadberotif
Writing texture: tst_s_roadtif
Writing texture: tst_sirohanatif
Writing texture: tst_togetif
Writing texture: tst_water_sokotif
Writing texture: tst_wood_ctif
Writing texture: tst_wood_floor_ctif
Writing texture: tst_wooden_boardtif
Writing texture: tst_woody_plate_btif
Writing texture: tst_woody_plate_itif
Writing texture: tst_yougan_sidetif
Writing texture: tst_yougantif
Writing texture: tst_yuka2tif
Building backgrounds...
Writing map assets...
Writing resource: kmr_00_shape
Writing resource: kmr_00_hit
Writing resource: kmr_02_shape
Writing resource: kmr_02_hit
Writing resource: kmr_03_shape
Writing resource: kmr_03_hit
Writing resource: kmr_04_shape
Writing resource: kmr_04_hit
Writing resource: kmr_05_shape
Writing resource: kmr_05_hit
Writing resource: kmr_06_shape
Writing resource: kmr_06_hit
Writing resource: kmr_07_shape
Writing resource: kmr_07_hit
Writing resource: kmr_09_shape
Writing resource: kmr_09_hit
Writing resource: kmr_10_shape
Writing resource: kmr_10_hit
Writing resource: kmr_11_shape
Writing resource: kmr_11_hit
Writing resource: kmr_12_shape
Writing resource: kmr_12_hit
Writing resource: kmr_20_shape
Writing resource: kmr_20_hit
Writing resource: kmr_30_shape
Writing resource: kmr_30_hit
Writing resource: kmr_bt03_shape
Writing resource: kmr_bt03_hit
Writing resource: kmr_bt04_shape
Writing resource: kmr_bt04_hit
Writing resource: kmr_bt05_shape
Writing resource: kmr_bt05_hit
Writing resource: kmr_bt06_shape
Writing resource: kmr_bt06_hit
Writing resource: machi_shape
Writing resource: machi_hit
Writing resource: mac_00_shape
Writing resource: mac_00_hit
Writing resource: mac_01_shape
Writing resource: mac_01_hit
Writing resource: mac_02_shape
Writing resource: mac_02_hit
Writing resource: mac_03_shape
Writing resource: mac_03_hit
Writing resource: mac_04_shape
Writing resource: mac_04_hit
Writing resource: mac_05_shape
Writing resource: mac_05_hit
Writing resource: mac_06_shape
Writing resource: mac_06_hit
Writing resource: mac_bt01_shape
Writing resource: mac_bt01_hit
Writing resource: mac_bt02_shape
Writing resource: mac_bt02_hit
Writing resource: tik_01_shape
Writing resource: tik_01_hit
Writing resource: tik_02_shape
Writing resource: tik_02_hit
Writing resource: tik_03_shape
Writing resource: tik_03_hit
Writing resource: tik_04_shape
Writing resource: tik_04_hit
Writing resource: tik_05_shape
Writing resource: tik_05_hit
Writing resource: tik_06_shape
Writing resource: tik_06_hit
Writing resource: tik_07_shape
Writing resource: tik_07_hit
Writing resource: tik_08_shape
Writing resource: tik_08_hit
Writing resource: tik_09_shape
Writing resource: tik_09_hit
Writing resource: tik_10_shape
Writing resource: tik_10_hit
Writing resource: tik_12_shape
Writing resource: tik_12_hit
Writing resource: tik_14_shape
Writing resource: tik_14_hit
Writing resource: tik_15_shape
Writing resource: tik_15_hit
Writing resource: tik_17_shape
Writing resource: tik_17_hit
Writing resource: tik_18_shape
Writing resource: tik_18_hit
Writing resource: tik_19_shape
Writing resource: tik_19_hit
Writing resource: tik_20_shape
Writing resource: tik_20_hit
Writing resource: tik_21_shape
Writing resource: tik_21_hit
Writing resource: tik_22_shape
Writing resource: tik_22_hit
Writing resource: tik_23_shape
Writing resource: tik_23_hit
Writing resource: tik_25_shape
Writing resource: tik_25_hit
Writing resource: tik_bt01_shape
Writing resource: tik_bt01_hit
Writing resource: tik_bt02_shape
Writing resource: tik_bt02_hit
Writing resource: tik_bt03_shape
Writing resource: tik_bt03_hit
Writing resource: tik_bt04_shape
Writing resource: tik_bt04_hit
Writing resource: tik_bt05_shape
Writing resource: tik_bt05_hit
Writing resource: kgr_01_shape
Writing resource: kgr_01_hit
Writing resource: kgr_02_shape
Writing resource: kgr_02_hit
Writing resource: kgr_bt01_shape
Writing resource: kgr_bt01_hit
Writing resource: kkj_00_shape
Writing resource: kkj_00_hit
Writing resource: kkj_01_shape
Writing resource: kkj_01_hit
Writing resource: kkj_02_shape
Writing resource: kkj_02_hit
Writing resource: kkj_03_shape
Writing resource: kkj_03_hit
Writing resource: kkj_10_shape
Writing resource: kkj_10_hit
Writing resource: kkj_11_shape
Writing resource: kkj_11_hit
Writing resource: kkj_12_shape
Writing resource: kkj_12_hit
Writing resource: kkj_13_shape
Writing resource: kkj_13_hit
Writing resource: kkj_14_shape
Writing resource: kkj_14_hit
Writing resource: kkj_15_shape
Writing resource: kkj_15_hit
Writing resource: kkj_16_shape
Writing resource: kkj_16_hit
Writing resource: kkj_17_shape
Writing resource: kkj_17_hit
Writing resource: kkj_18_shape
Writing resource: kkj_18_hit
Writing resource: kkj_19_shape
Writing resource: kkj_19_hit
Writing resource: kkj_20_shape
Writing resource: kkj_20_hit
Writing resource: kkj_21_shape
Writing resource: kkj_21_hit
Writing resource: kkj_22_shape
Writing resource: kkj_22_hit
Writing resource: kkj_23_shape
Writing resource: kkj_23_hit
Writing resource: kkj_24_shape
Writing resource: kkj_24_hit
Writing resource: kkj_25_shape
Writing resource: kkj_25_hit
Writing resource: kkj_26_shape
Writing resource: kkj_26_hit
Writing resource: kkj_27_shape
Writing resource: kkj_27_hit
Writing resource: kkj_28_shape
Writing resource: kkj_28_hit
Writing resource: kkj_29_shape
Writing resource: kkj_29_hit
Writing resource: kkj_bt01_shape
Writing resource: kkj_bt01_hit
Writing resource: kkj_bt02_shape
Writing resource: kkj_bt02_hit
Writing resource: hos_00_shape
Writing resource: hos_00_hit
Writing resource: hos_01_shape
Writing resource: hos_01_hit
Writing resource: hos_02_shape
Writing resource: hos_02_hit
Writing resource: hos_03_shape
Writing resource: hos_03_hit
Writing resource: hos_04_shape
Writing resource: hos_04_hit
Writing resource: hos_05_shape
Writing resource: hos_05_hit
Writing resource: hos_06_shape
Writing resource: hos_06_hit
Writing resource: hos_10_shape
Writing resource: hos_10_hit
Writing resource: hos_20_shape
Writing resource: hos_20_hit
Writing resource: hos_bt01_shape
Writing resource: hos_bt01_hit
Writing resource: hos_bt02_shape
Writing resource: hos_bt02_hit
Writing resource: nok_01_shape
Writing resource: nok_01_hit
Writing resource: nok_02_shape
Writing resource: nok_02_hit
Writing resource: nok_03_shape
Writing resource: nok_03_hit
Writing resource: nok_04_shape
Writing resource: nok_04_hit
Writing resource: nok_11_shape
Writing resource: nok_11_hit
Writing resource: nok_12_shape
Writing resource: nok_12_hit
Writing resource: nok_13_shape
Writing resource: nok_13_hit
Writing resource: nok_14_shape
Writing resource: nok_14_hit
Writing resource: nok_15_shape
Writing resource: nok_15_hit
Writing resource: nok_bt01_shape
Writing resource: nok_bt01_hit
Writing resource: nok_bt02_shape
Writing resource: nok_bt02_hit
Writing resource: nok_bt03_shape
Writing resource: nok_bt03_hit
Writing resource: nok_bt04_shape
Writing resource: nok_bt04_hit
Writing resource: trd_00_shape
Writing resource: trd_00_hit
Writing resource: trd_01_shape
Writing resource: trd_01_hit
Writing resource: trd_02_shape
Writing resource: trd_02_hit
Writing resource: trd_03_shape
Writing resource: trd_03_hit
Writing resource: trd_04_shape
Writing resource: trd_04_hit
Writing resource: trd_05_shape
Writing resource: trd_05_hit
Writing resource: trd_06_shape
Writing resource: trd_06_hit
Writing resource: trd_07_shape
Writing resource: trd_07_hit
Writing resource: trd_08_shape
Writing resource: trd_08_hit
Writing resource: trd_09_shape
Writing resource: trd_09_hit
Writing resource: trd_10_shape
Writing resource: trd_10_hit
Writing resource: trd_bt00_shape
Writing resource: trd_bt00_hit
Writing resource: trd_bt01_shape
Writing resource: trd_bt01_hit
Writing resource: trd_bt02_shape
Writing resource: trd_bt02_hit
Writing resource: trd_bt03_shape
Writing resource: trd_bt03_hit
Writing resource: trd_bt04_shape
Writing resource: trd_bt04_hit
Writing resource: trd_bt05_shape
Writing resource: trd_bt05_hit
Writing resource: iwa_00_shape
Writing resource: iwa_00_hit
Writing resource: iwa_01_shape
Writing resource: iwa_01_hit
Writing resource: iwa_02_shape
Writing resource: iwa_02_hit
Writing resource: iwa_03_shape
Writing resource: iwa_03_hit
Writing resource: iwa_04_shape
Writing resource: iwa_04_hit
Writing resource: iwa_10_shape
Writing resource: iwa_10_hit
Writing resource: iwa_11_shape
Writing resource: iwa_11_hit
Writing resource: iwa_bt01_shape
Writing resource: iwa_bt01_hit
Writing resource: iwa_bt02_shape
Writing resource: iwa_bt02_hit
Writing resource: dro_01_shape
Writing resource: dro_01_hit
Writing resource: dro_02_shape
Writing resource: dro_02_hit
Writing resource: sbk_00_shape
Writing resource: sbk_00_hit
Writing resource: sbk_01_shape
Writing resource: sbk_01_hit
Writing resource: sbk_02_shape
Writing resource: sbk_02_hit
Writing resource: sbk_03_shape
Writing resource: sbk_03_hit
Writing resource: sbk_04_shape
Writing resource: sbk_04_hit
Writing resource: sbk_05_shape
Writing resource: sbk_05_hit
Writing resource: sbk_06_shape
Writing resource: sbk_06_hit
Writing resource: sbk_10_shape
Writing resource: sbk_10_hit
Writing resource: sbk_11_shape
Writing resource: sbk_11_hit
Writing resource: sbk_12_shape
Writing resource: sbk_12_hit
Writing resource: sbk_13_shape
Writing resource: sbk_13_hit
Writing resource: sbk_14_shape
Writing resource: sbk_14_hit
Writing resource: sbk_15_shape
Writing resource: sbk_15_hit
Writing resource: sbk_16_shape
Writing resource: sbk_16_hit
Writing resource: sbk_20_shape
Writing resource: sbk_20_hit
Writing resource: sbk_21_shape
Writing resource: sbk_21_hit
Writing resource: sbk_22_shape
Writing resource: sbk_22_hit
Writing resource: sbk_23_shape
Writing resource: sbk_23_hit
Writing resource: sbk_24_shape
Writing resource: sbk_24_hit
Writing resource: sbk_25_shape
Writing resource: sbk_25_hit
Writing resource: sbk_26_shape
Writing resource: sbk_26_hit
Writing resource: sbk_30_shape
Writing resource: sbk_30_hit
Writing resource: sbk_31_shape
Writing resource: sbk_31_hit
Writing resource: sbk_32_shape
Writing resource: sbk_32_hit
Writing resource: sbk_33_shape
Writing resource: sbk_33_hit
Writing resource: sbk_34_shape
Writing resource: sbk_34_hit
Writing resource: sbk_35_shape
Writing resource: sbk_35_hit
Writing resource: sbk_36_shape
Writing resource: sbk_36_hit
Writing resource: sbk_40_shape
Writing resource: sbk_40_hit
Writing resource: sbk_41_shape
Writing resource: sbk_41_hit
Writing resource: sbk_42_shape
Writing resource: sbk_42_hit
Writing resource: sbk_43_shape
Writing resource: sbk_43_hit
Writing resource: sbk_44_shape
Writing resource: sbk_44_hit
Writing resource: sbk_45_shape
Writing resource: sbk_45_hit
Writing resource: sbk_46_shape
Writing resource: sbk_46_hit
Writing resource: sbk_50_shape
Writing resource: sbk_50_hit
Writing resource: sbk_51_shape
Writing resource: sbk_51_hit
Writing resource: sbk_52_shape
Writing resource: sbk_52_hit
Writing resource: sbk_53_shape
Writing resource: sbk_53_hit
Writing resource: sbk_54_shape
Writing resource: sbk_54_hit
Writing resource: sbk_55_shape
Writing resource: sbk_55_hit
Writing resource: sbk_56_shape
Writing resource: sbk_56_hit
Writing resource: sbk_60_shape
Writing resource: sbk_60_hit
Writing resource: sbk_61_shape
Writing resource: sbk_61_hit
Writing resource: sbk_62_shape
Writing resource: sbk_62_hit
Writing resource: sbk_63_shape
Writing resource: sbk_63_hit
Writing resource: sbk_64_shape
Writing resource: sbk_64_hit
Writing resource: sbk_65_shape
Writing resource: sbk_65_hit
Writing resource: sbk_66_shape
Writing resource: sbk_66_hit
Writing resource: sbk_99_shape
Writing resource: sbk_99_hit
Writing resource: sbk_bt02_shape
Writing resource: sbk_bt02_hit
Writing resource: isk_01_shape
Writing resource: isk_01_hit
Writing resource: isk_02_shape
Writing resource: isk_02_hit
Writing resource: isk_03_shape
Writing resource: isk_03_hit
Writing resource: isk_04_shape
Writing resource: isk_04_hit
Writing resource: isk_05_shape
Writing resource: isk_05_hit
Writing resource: isk_06_shape
Writing resource: isk_06_hit
Writing resource: isk_07_shape
Writing resource: isk_07_hit
Writing resource: isk_08_shape
Writing resource: isk_08_hit
Writing resource: isk_09_shape
Writing resource: isk_09_hit
Writing resource: isk_10_shape
Writing resource: isk_10_hit
Writing resource: isk_11_shape
Writing resource: isk_11_hit
Writing resource: isk_12_shape
Writing resource: isk_12_hit
Writing resource: isk_13_shape
Writing resource: isk_13_hit
Writing resource: isk_14_shape
Writing resource: isk_14_hit
Writing resource: isk_16_shape
Writing resource: isk_16_hit
Writing resource: isk_18_shape
Writing resource: isk_18_hit
Writing resource: isk_19_shape
Writing resource: isk_19_hit
Writing resource: isk_bt01_shape
Writing resource: isk_bt01_hit
Writing resource: isk_bt02_shape
Writing resource: isk_bt02_hit
Writing resource: isk_bt03_shape
Writing resource: isk_bt03_hit
Writing resource: isk_bt04_shape
Writing resource: isk_bt04_hit
Writing resource: isk_bt05_shape
Writing resource: isk_bt05_hit
Writing resource: isk_bt06_shape
Writing resource: isk_bt06_hit
Writing resource: isk_bt07_shape
Writing resource: isk_bt07_hit
Writing resource: isk_bt08_shape
Writing resource: isk_bt08_hit
Writing resource: mim_01_shape
Writing resource: mim_01_hit
Writing resource: mim_02_shape
Writing resource: mim_02_hit
Writing resource: mim_03_shape
Writing resource: mim_03_hit
Writing resource: mim_04_shape
Writing resource: mim_04_hit
Writing resource: mim_05_shape
Writing resource: mim_05_hit
Writing resource: mim_06_shape
Writing resource: mim_06_hit
Writing resource: mim_07_shape
Writing resource: mim_07_hit
Writing resource: mim_08_shape
Writing resource: mim_08_hit
Writing resource: mim_09_shape
Writing resource: mim_09_hit
Writing resource: mim_10_shape
Writing resource: mim_10_hit
Writing resource: mim_11_shape
Writing resource: mim_11_hit
Writing resource: mim_12_shape
Writing resource: mim_12_hit
Writing resource: mim_bt01_shape
Writing resource: mim_bt01_hit
Writing resource: obk_01_shape
Writing resource: obk_01_hit
Writing resource: obk_02_shape
Writing resource: obk_02_hit
Writing resource: obk_03_shape
Writing resource: obk_03_hit
Writing resource: obk_04_shape
Writing resource: obk_04_hit
Writing resource: obk_05_shape
Writing resource: obk_05_hit
Writing resource: obk_06_shape
Writing resource: obk_06_hit
Writing resource: obk_07_shape
Writing resource: obk_07_hit
Writing resource: obk_08_shape
Writing resource: obk_08_hit
Writing resource: obk_09_shape
Writing resource: obk_09_hit
Writing resource: arn_02_shape
Writing resource: arn_02_hit
Writing resource: arn_03_shape
Writing resource: arn_03_hit
Writing resource: arn_04_shape
Writing resource: arn_04_hit
Writing resource: arn_05_shape
Writing resource: arn_05_hit
Writing resource: arn_07_shape
Writing resource: arn_07_hit
Writing resource: arn_08_shape
Writing resource: arn_08_hit
Writing resource: arn_09_shape
Writing resource: arn_09_hit
Writing resource: arn_10_shape
Writing resource: arn_10_hit
Writing resource: arn_11_shape
Writing resource: arn_11_hit
Writing resource: arn_12_shape
Writing resource: arn_12_hit
Writing resource: arn_13_shape
Writing resource: arn_13_hit
Writing resource: arn_20_shape
Writing resource: arn_20_hit
Writing resource: arn_bt01_shape
Writing resource: arn_bt01_hit
Writing resource: arn_bt02_shape
Writing resource: arn_bt02_hit
Writing resource: arn_bt03_shape
Writing resource: arn_bt03_hit
Writing resource: arn_bt04_shape
Writing resource: arn_bt04_hit
Writing resource: arn_bt05_shape
Writing resource: arn_bt05_hit
Writing resource: arn_bt06_shape
Writing resource: arn_bt06_hit
Writing resource: dgb_01_shape
Writing resource: dgb_01_hit
Writing resource: dgb_02_shape
Writing resource: dgb_02_hit
Writing resource: dgb_03_shape
Writing resource: dgb_03_hit
Writing resource: dgb_04_shape
Writing resource: dgb_04_hit
Writing resource: dgb_05_shape
Writing resource: dgb_05_hit
Writing resource: dgb_06_shape
Writing resource: dgb_06_hit
Writing resource: dgb_07_shape
Writing resource: dgb_07_hit
Writing resource: dgb_08_shape
Writing resource: dgb_08_hit
Writing resource: dgb_09_shape
Writing resource: dgb_09_hit
Writing resource: dgb_10_shape
Writing resource: dgb_10_hit
Writing resource: dgb_11_shape
Writing resource: dgb_11_hit
Writing resource: dgb_12_shape
Writing resource: dgb_12_hit
Writing resource: dgb_13_shape
Writing resource: dgb_13_hit
Writing resource: dgb_14_shape
Writing resource: dgb_14_hit
Writing resource: dgb_15_shape
Writing resource: dgb_15_hit
Writing resource: dgb_16_shape
Writing resource: dgb_16_hit
Writing resource: dgb_17_shape
Writing resource: dgb_17_hit
Writing resource: dgb_18_shape
Writing resource: dgb_18_hit
Writing resource: dgb_bt01_shape
Writing resource: dgb_bt01_hit
Writing resource: dgb_bt02_shape
Writing resource: dgb_bt02_hit
Writing resource: dgb_bt03_shape
Writing resource: dgb_bt03_hit
Writing resource: dgb_bt04_shape
Writing resource: dgb_bt04_hit
Writing resource: dgb_bt05_shape
Writing resource: dgb_bt05_hit
Writing resource: omo_01_shape
Writing resource: omo_01_hit
Writing resource: omo_02_shape
Writing resource: omo_02_hit
Writing resource: omo_03_shape
Writing resource: omo_03_hit
Writing resource: omo_04_shape
Writing resource: omo_04_hit
Writing resource: omo_05_shape
Writing resource: omo_05_hit
Writing resource: omo_06_shape
Writing resource: omo_06_hit
Writing resource: omo_07_shape
Writing resource: omo_07_hit
Writing resource: omo_08_shape
Writing resource: omo_08_hit
Writing resource: omo_09_shape
Writing resource: omo_09_hit
Writing resource: omo_10_shape
Writing resource: omo_10_hit
Writing resource: omo_11_shape
Writing resource: omo_11_hit
Writing resource: omo_12_shape
Writing resource: omo_12_hit
Writing resource: omo_13_shape
Writing resource: omo_13_hit
Writing resource: omo_14_shape
Writing resource: omo_14_hit
Writing resource: omo_15_shape
Writing resource: omo_15_hit
Writing resource: omo_16_shape
Writing resource: omo_16_hit
Writing resource: omo_17_shape
Writing resource: omo_17_hit
Writing resource: omo_bt01_shape
Writing resource: omo_bt01_hit
Writing resource: omo_bt02_shape
Writing resource: omo_bt02_hit
Writing resource: omo_bt03_shape
Writing resource: omo_bt03_hit
Writing resource: omo_bt04_shape
Writing resource: omo_bt04_hit
Writing resource: omo_bt05_shape
Writing resource: omo_bt05_hit
Writing resource: omo_bt06_shape
Writing resource: omo_bt06_hit
Writing resource: omo_bt07_shape
Writing resource: omo_bt07_hit
Writing resource: jan_00_shape
Writing resource: jan_00_hit
Writing resource: jan_01_shape
Writing resource: jan_01_hit
Writing resource: jan_02_shape
Writing resource: jan_02_hit
Writing resource: jan_03_shape
Writing resource: jan_03_hit
Writing resource: jan_04_shape
Writing resource: jan_04_hit
Writing resource: jan_05_shape
Writing resource: jan_05_hit
Writing resource: jan_06_shape
Writing resource: jan_06_hit
Writing resource: jan_07_shape
Writing resource: jan_07_hit
Writing resource: jan_08_shape
Writing resource: jan_08_hit
Writing resource: jan_09_shape
Writing resource: jan_09_hit
Writing resource: jan_10_shape
Writing resource: jan_10_hit
Writing resource: jan_11_shape
Writing resource: jan_11_hit
Writing resource: jan_12_shape
Writing resource: jan_12_hit
Writing resource: jan_13_shape
Writing resource: jan_13_hit
Writing resource: jan_14_shape
Writing resource: jan_14_hit
Writing resource: jan_15_shape
Writing resource: jan_15_hit
Writing resource: jan_16_shape
Writing resource: jan_16_hit
Writing resource: jan_17_shape
Writing resource: jan_17_hit
Writing resource: jan_18_shape
Writing resource: jan_18_hit
Writing resource: jan_19_shape
Writing resource: jan_19_hit
Writing resource: jan_22_shape
Writing resource: jan_22_hit
Writing resource: jan_23_shape
Writing resource: jan_23_hit
Writing resource: jan_bt00_shape
Writing resource: jan_bt00_hit
Writing resource: jan_bt01_shape
Writing resource: jan_bt01_hit
Writing resource: jan_bt02_shape
Writing resource: jan_bt02_hit
Writing resource: jan_bt03_shape
Writing resource: jan_bt03_hit
Writing resource: jan_bt04_shape
Writing resource: jan_bt04_hit
Writing resource: kzn_01_shape
Writing resource: kzn_01_hit
Writing resource: kzn_02_shape
Writing resource: kzn_02_hit
Writing resource: kzn_03_shape
Writing resource: kzn_03_hit
Writing resource: kzn_04_shape
Writing resource: kzn_04_hit
Writing resource: kzn_05_shape
Writing resource: kzn_05_hit
Writing resource: kzn_06_shape
Writing resource: kzn_06_hit
Writing resource: kzn_07_shape
Writing resource: kzn_07_hit
Writing resource: kzn_08_shape
Writing resource: kzn_08_hit
Writing resource: kzn_09_shape
Writing resource: kzn_09_hit
Writing resource: kzn_10_shape
Writing resource: kzn_10_hit
Writing resource: kzn_11_shape
Writing resource: kzn_11_hit
Writing resource: kzn_17_shape
Writing resource: kzn_17_hit
Writing resource: kzn_18_shape
Writing resource: kzn_18_hit
Writing resource: kzn_19_shape
Writing resource: kzn_19_hit
Writing resource: kzn_20_shape
Writing resource: kzn_20_hit
Writing resource: kzn_22_shape
Writing resource: kzn_22_hit
Writing resource: kzn_23_shape
Writing resource: kzn_23_hit
Writing resource: kzn_bt01_shape
Writing resource: kzn_bt01_hit
Writing resource: kzn_bt02_shape
Writing resource: kzn_bt02_hit
Writing resource: kzn_bt04_shape
Writing resource: kzn_bt04_hit
Writing resource: kzn_bt05_shape
Writing resource: kzn_bt05_hit
Writing resource: flo_00_shape
Writing resource: flo_00_hit
Writing resource: flo_03_shape
Writing resource: flo_03_hit
Writing resource: flo_07_shape
Writing resource: flo_07_hit
Writing resource: flo_08_shape
Writing resource: flo_08_hit
Writing resource: flo_09_shape
Writing resource: flo_09_hit
Writing resource: flo_10_shape
Writing resource: flo_10_hit
Writing resource: flo_11_shape
Writing resource: flo_11_hit
Writing resource: flo_12_shape
Writing resource: flo_12_hit
Writing resource: flo_13_shape
Writing resource: flo_13_hit
Writing resource: flo_14_shape
Writing resource: flo_14_hit
Writing resource: flo_15_shape
Writing resource: flo_15_hit
Writing resource: flo_16_shape
Writing resource: flo_16_hit
Writing resource: flo_17_shape
Writing resource: flo_17_hit
Writing resource: flo_18_shape
Writing resource: flo_18_hit
Writing resource: flo_19_shape
Writing resource: flo_19_hit
Writing resource: flo_21_shape
Writing resource: flo_21_hit
Writing resource: flo_22_shape
Writing resource: flo_22_hit
Writing resource: flo_23_shape
Writing resource: flo_23_hit
Writing resource: flo_24_shape
Writing resource: flo_24_hit
Writing resource: flo_25_shape
Writing resource: flo_25_hit
Writing resource: flo_bt01_shape
Writing resource: flo_bt01_hit
Writing resource: flo_bt02_shape
Writing resource: flo_bt02_hit
Writing resource: flo_bt03_shape
Writing resource: flo_bt03_hit
Writing resource: flo_bt04_shape
Writing resource: flo_bt04_hit
Writing resource: flo_bt05_shape
Writing resource: flo_bt05_hit
Writing resource: flo_bt06_shape
Writing resource: flo_bt06_hit
Writing resource: sam_01_shape
Writing resource: sam_01_hit
Writing resource: sam_02_shape
Writing resource: sam_02_hit
Writing resource: sam_03_shape
Writing resource: sam_03_hit
Writing resource: sam_04_shape
Writing resource: sam_04_hit
Writing resource: sam_05_shape
Writing resource: sam_05_hit
Writing resource: sam_06_shape
Writing resource: sam_06_hit
Writing resource: sam_07_shape
Writing resource: sam_07_hit
Writing resource: sam_08_shape
Writing resource: sam_08_hit
Writing resource: sam_09_shape
Writing resource: sam_09_hit
Writing resource: sam_10_shape
Writing resource: sam_10_hit
Writing resource: sam_11_shape
Writing resource: sam_11_hit
Writing resource: sam_12_shape
Writing resource: sam_12_hit
Writing resource: sam_bt01_shape
Writing resource: sam_bt01_hit
Writing resource: sam_bt02_shape
Writing resource: sam_bt02_hit
Writing resource: sam_bt03_shape
Writing resource: sam_bt03_hit
Writing resource: sam_bt04_shape
Writing resource: sam_bt04_hit
Writing resource: pra_01_shape
Writing resource: pra_01_hit
Writing resource: pra_02_shape
Writing resource: pra_02_hit
Writing resource: pra_03_shape
Writing resource: pra_03_hit
Writing resource: pra_04_shape
Writing resource: pra_04_hit
Writing resource: pra_05_shape
Writing resource: pra_05_hit
Writing resource: pra_09_shape
Writing resource: pra_09_hit
Writing resource: pra_10_shape
Writing resource: pra_10_hit
Writing resource: pra_11_shape
Writing resource: pra_11_hit
Writing resource: pra_13_shape
Writing resource: pra_13_hit
Writing resource: pra_14_shape
Writing resource: pra_14_hit
Writing resource: pra_15_shape
Writing resource: pra_15_hit
Writing resource: pra_16_shape
Writing resource: pra_16_hit
Writing resource: pra_18_shape
Writing resource: pra_18_hit
Writing resource: pra_19_shape
Writing resource: pra_19_hit
Writing resource: pra_20_shape
Writing resource: pra_20_hit
Writing resource: pra_21_shape
Writing resource: pra_21_hit
Writing resource: pra_22_shape
Writing resource: pra_22_hit
Writing resource: pra_29_shape
Writing resource: pra_29_hit
Writing resource: pra_31_shape
Writing resource: pra_31_hit
Writing resource: pra_32_shape
Writing resource: pra_32_hit
Writing resource: pra_33_shape
Writing resource: pra_33_hit
Writing resource: pra_34_shape
Writing resource: pra_34_hit
Writing resource: pra_35_shape
Writing resource: pra_35_hit
Writing resource: pra_40_shape
Writing resource: pra_40_hit
Writing resource: pra_bt01_shape
Writing resource: pra_bt01_hit
Writing resource: pra_bt02_shape
Writing resource: pra_bt02_hit
Writing resource: pra_bt03_shape
Writing resource: pra_bt03_hit
Writing resource: pra_bt04_shape
Writing resource: pra_bt04_hit
Writing resource: kpa_01_shape
Writing resource: kpa_01_hit
Writing resource: kpa_03_shape
Writing resource: kpa_03_hit
Writing resource: kpa_04_shape
Writing resource: kpa_04_hit
Writing resource: kpa_08_shape
Writing resource: kpa_08_hit
Writing resource: kpa_09_shape
Writing resource: kpa_09_hit
Writing resource: kpa_10_shape
Writing resource: kpa_10_hit
Writing resource: kpa_11_shape
Writing resource: kpa_11_hit
Writing resource: kpa_12_shape
Writing resource: kpa_12_hit
Writing resource: kpa_13_shape
Writing resource: kpa_13_hit
Writing resource: kpa_14_shape
Writing resource: kpa_14_hit
Writing resource: kpa_15_shape
Writing resource: kpa_15_hit
Writing resource: kpa_16_shape
Writing resource: kpa_16_hit
Writing resource: kpa_17_shape
Writing resource: kpa_17_hit
Writing resource: kpa_32_shape
Writing resource: kpa_32_hit
Writing resource: kpa_33_shape
Writing resource: kpa_33_hit
Writing resource: kpa_40_shape
Writing resource: kpa_40_hit
Writing resource: kpa_41_shape
Writing resource: kpa_41_hit
Writing resource: kpa_50_shape
Writing resource: kpa_50_hit
Writing resource: kpa_52_shape
Writing resource: kpa_52_hit
Writing resource: kpa_60_shape
Writing resource: kpa_60_hit
Writing resource: kpa_61_shape
Writing resource: kpa_61_hit
Writing resource: kpa_62_shape
Writing resource: kpa_62_hit
Writing resource: kpa_63_shape
Writing resource: kpa_63_hit
Writing resource: kpa_70_shape
Writing resource: kpa_70_hit
Writing resource: kpa_90_shape
Writing resource: kpa_90_hit
Writing resource: kpa_91_shape
Writing resource: kpa_91_hit
Writing resource: kpa_94_shape
Writing resource: kpa_94_hit
Writing resource: kpa_95_shape
Writing resource: kpa_95_hit
Writing resource: kpa_96_shape
Writing resource: kpa_96_hit
Writing resource: kpa_102_shape
Writing resource: kpa_102_hit
Writing resource: kpa_111_shape
Writing resource: kpa_111_hit
Writing resource: kpa_112_shape
Writing resource: kpa_112_hit
Writing resource: kpa_113_shape
Writing resource: kpa_113_hit
Writing resource: kpa_115_shape
Writing resource: kpa_115_hit
Writing resource: kpa_116_shape
Writing resource: kpa_116_hit
Writing resource: kpa_117_shape
Writing resource: kpa_117_hit
Writing resource: kpa_118_shape
Writing resource: kpa_118_hit
Writing resource: kpa_119_shape
Writing resource: kpa_119_hit
Writing resource: kpa_121_shape
Writing resource: kpa_121_hit
Writing resource: kpa_130_shape
Writing resource: kpa_130_hit
Writing resource: kpa_133_shape
Writing resource: kpa_133_hit
Writing resource: kpa_134_shape
Writing resource: kpa_134_hit
Writing resource: kpa_80_shape
Writing resource: kpa_80_hit
Writing resource: kpa_bt01_shape
Writing resource: kpa_bt01_hit
Writing resource: kpa_bt02_shape
Writing resource: kpa_bt02_hit
Writing resource: kpa_bt03_shape
Writing resource: kpa_bt03_hit
Writing resource: kpa_bt04_shape
Writing resource: kpa_bt04_hit
Writing resource: kpa_bt05_shape
Writing resource: kpa_bt05_hit
Writing resource: kpa_bt07_shape
Writing resource: kpa_bt07_hit
Writing resource: kpa_bt08_shape
Writing resource: kpa_bt08_hit
Writing resource: kpa_bt09_shape
Writing resource: kpa_bt09_hit
Writing resource: kpa_bt11_shape
Writing resource: kpa_bt11_hit
Writing resource: kpa_bt13_shape
Writing resource: kpa_bt13_hit
Writing resource: kpa_bt14_shape
Writing resource: kpa_bt14_hit
Writing resource: osr_00_shape
Writing resource: osr_00_hit
Writing resource: osr_01_shape
Writing resource: osr_01_hit
Writing resource: osr_02_shape
Writing resource: osr_02_hit
Writing resource: osr_03_shape
Writing resource: osr_03_hit
Writing resource: end_00_shape
Writing resource: end_00_hit
Writing resource: end_01_shape
Writing resource: end_01_hit
Writing resource: mgm_00_shape
Writing resource: mgm_00_hit
Writing resource: mgm_01_shape
Writing resource: mgm_01_hit
Writing resource: mgm_02_shape
Writing resource: mgm_02_hit
Writing resource: mgm_03_shape
Writing resource: mgm_03_hit
Writing resource: gv_01_shape
Writing resource: gv_01_hit
Writing resource: tst_01_shape
Writing resource: tst_01_hit
Writing resource: tst_02_shape
Writing resource: tst_02_hit
Writing resource: tst_03_shape
Writing resource: tst_03_hit
Writing resource: tst_04_shape
Writing resource: tst_04_hit
Writing resource: tst_10_shape
Writing resource: tst_10_hit
Writing resource: tst_11_shape
Writing resource: tst_11_hit
Writing resource: tst_12_shape
Writing resource: tst_12_hit
Writing resource: tst_13_shape
Writing resource: tst_13_hit
Writing resource: tst_20_shape
Writing resource: tst_20_hit
Writing resource: mac_tex
Writing resource: tik_tex
Writing resource: kgr_tex
Writing resource: kmr_tex
Writing resource: iwa_tex
Writing resource: sbk_tex
Writing resource: dro_tex
Writing resource: isk_tex
Writing resource: trd_tex
Writing resource: nok_tex
Writing resource: hos_tex
Writing resource: kpa_tex
Writing resource: osr_tex
Writing resource: kkj_tex
Writing resource: tst_tex
Writing resource: jan_tex
Writing resource: mim_tex
Writing resource: obk_tex
Writing resource: arn_tex
Writing resource: dgb_tex
Writing resource: kzn_tex
Writing resource: flo_tex
Writing resource: sam_tex
Writing resource: pra_tex
Writing resource: omo_tex
Writing resource: end_tex
Writing resource: mgm_tex
Writing resource: gv__tex
Writing resource: kmr_bg
Writing resource: nok_bg
Writing resource: sbk_bg
Writing resource: sbk3_bg
Writing resource: iwa_bg
Writing resource: hos_bg
Writing resource: arn_bg
Writing resource: obk_bg
Writing resource: omo_bg
Writing resource: yos_bg
Writing resource: jan_bg
Writing resource: fla_bg
Writing resource: flb_bg
Writing resource: sra_bg
Writing resource: yki_bg
Writing resource: sam_bg
Writing resource: kpa_bg
Writing resource: title_bg
Writing resource: title_data
Writing resource: party_kurio
Writing resource: party_kameki
Writing resource: party_pinki
Writing resource: party_pareta
Writing resource: party_resa
Writing resource: party_akari
Writing resource: party_opuku
Writing resource: party_pokopi
Wrote kmr_00.bin to 8ABF90
Wrote kmr_02.bin to 2813890
Wrote kmr_06.bin to 8D1510
Wrote kmr_11.bin to 8DA100
Wrote kmr_20.bin to 282BC90
Wrote mac_00.bin to 283ED20
Wrote mac_01.bin to 800880
Wrote mac_02.bin to 8232C0
Wrote mac_04.bin to 842BD0
Wrote kkj_00.bin to 2854AA0
Wrote kkj_01.bin to 285E9C0
Wrote kkj_03.bin to AC9710
Wrote kkj_13.bin to AD5ED0
Wrote kkj_14.bin to ADAEA0
Wrote kkj_15.bin to AE5590
Wrote hos_00.bin to A0BCF0
Wrote hos_01.bin to A10880
Wrote hos_06.bin to A394E0
Writing battle data...
Wrote 00 Area KMR Part 1.bin to 4309A0
Wrote 01 Area KMR Part 2.bin to 432828
Wrote 02 Area KMR Part 3.bin to 435506
Wrote 03 Area MAC.bin to 43B16C
Wrote 04 Area HOS.bin to 44061C
Wrote 05 Area NOK.bin to 44302E
Wrote 06 Area TRD Part 1.bin to 446F54
Wrote 07 Area TRD Part 2.bin to 44966A
Wrote 08 Area TRD Part 3.bin to 44DBE0
Wrote 09 Area IWA.bin to 44E03A
Wrote 0A Area SBK.bin to 44FA1E
Wrote 0B Area ISK Part 1.bin to 45144A
Wrote 0C Area ISK Part 2.bin to 453CF2
Wrote 0D Area MIM.bin to 455A36
Wrote 0E Area ARN.bin to 457022
Wrote 0F Area DGB.bin to 45A3FC
Wrote 10 Area OMO.bin to 45AE84
Wrote 11 Area OMO2.bin to 45F934
Wrote 12 Area OMO3.bin to 466A9C
Wrote 13 Area KGR.bin to 46B430
Wrote 14 Area JAN.bin to 46C604
Wrote 15 Area JAN2.bin to 46F598
Wrote 16 Area KZN.bin to 470B36
Wrote 17 Area KZN2.bin to 473F52
Wrote 18 Area FLO.bin to 478C0C
Wrote 19 Area FLO2.bin to 47E13A
Wrote 1A Area TIK.bin to 482BDA
Wrote 1B Area TIK2.bin to 487EA0
Wrote 1C Area TIK3.bin to 48A8EA
Wrote 1D Area SAM.bin to 48C4EC
Wrote 1E Area SAM2.bin to 491602
Wrote 1F Area PRA.bin to 493EE6
Wrote 20 Area PRA2.bin to 497F42
Wrote 21 Area PRA3.bin to 499CCE
Wrote 22 Area KPA.bin to 49F07C
Wrote 23 Area KPA2.bin to 4A35CA
Wrote 24 Area KPA3.bin to 4AA39E
Wrote 25 Area KPA4.bin to 4ADBE2
Wrote 26 Area KKJ.bin to 4B05F2
Wrote 27 Area DIG.bin to 4B0FC6
Wrote 29 Area OMO2_1.bin to 4B4A34
Wrote 2A Area OMO2_2.bin to 4B5874
Wrote 2B Area OMO2_3.bin to 4B66EA
Wrote 2C Area OMO2_4.bin to 4B75FE
Wrote 2D Area OMO2_5.bin to 4B7876
Wrote 2E Area OMO2_6.bin to 4B8368
Wrote Move_Hammer.bin to 7345A0
Wrote Move_SpinSmash.bin to 737890
Wrote Move_QuakeHammer.bin to 73AED0
Wrote Move_D-DownPound.bin to 73D860
Wrote Move_HammerCharge0.bin to 740040
Wrote Move_HammerThrow.bin to 743360
Wrote Move_MegaQuake.bin to 747690
Wrote Move_HammerCharge1.bin to 74A4C0
Wrote Move_HammerCharge2.bin to 74D890
Wrote Move_AutoSmash.bin to 750BE0
Wrote Move_PowerQuake.bin to 7532C0
Wrote Move_PowerSmash.bin to 755E60
Wrote Move_SuperSmash.bin to 7583C0
Wrote Move_MegaSmash.bin to 75A950
Wrote Move_ShrinkSmash.bin to 75CF50
Wrote Move_ShellCrack.bin to 75F610
Wrote Move_Jump.bin to 761CF0
Wrote Move_Multibounce.bin to 765150
Wrote Move_PowerBounce.bin to 768280
Wrote Move_SleepStomp.bin to 76B2A0
Wrote Move_DizzyStomp.bin to 76D260
Wrote Move_JumpCharge0.bin to 76F220
Wrote Move_JumpCharge1.bin to 770DE0
Wrote Move_JumpCharge2.bin to 772A30
Wrote Move_AutoJump.bin to 774650
Wrote Move_AutoMultibounce.bin to 7766C0
Wrote Move_PowerJump.bin to 7795F0
Wrote Move_SuperJump.bin to 77B1C0
Wrote Move_MegaJump.bin to 77CDC0
Wrote Move_D-DownJump.bin to 77EA30
Wrote Move_ShrinkStomp.bin to 780CB0
Wrote Move_EarthquakeJump.bin to 782C30
Wrote 00 Goombario.bin to 6F0B30
Wrote 01 Kooper.bin to 6F58C8
Wrote 02 Bombette.bin to 6FA758
Wrote 03 Parakarry.bin to 6FF7C8
Wrote 04 Goompa.bin to 703538
Wrote 05 Watt.bin to 703AE8
Wrote 06 Sushi.bin to 707C98
Wrote 07 Lakilester.bin to 70BD08
Wrote 08 Bow.bin to 710EE8
Wrote 0A Twink.bin to 714CE8
Wrote Item_Food.bin to 715850
Wrote Item_Shroom.bin to 716C2C
Wrote Item_FireFlower.bin to 718030
Wrote Item_DustyHammer.bin to 718DA0
Wrote Item_POWBlock.bin to 719C20
Wrote Item_Pebble.bin to 71AD40
Wrote Item_VoltShroom.bin to 71BBC0
Wrote Item_ThunderRage.bin to 71C570
Wrote Item_SnowmanDoll.bin to 71D200
Wrote Item_ShootingStar.bin to 71E0B0
Wrote Item_SleepySheep.bin to 71EF90
Wrote Item_StoneCap.bin to 721EE0
Wrote Item_TastyTonic.bin to 722940
Wrote Item_ThunderBolt.bin to 723480
Wrote Item_SuperSoda.bin to 7240C0
Wrote Item_HustleDrink.bin to 725340
Wrote Item_StopWatch.bin to 7261B0
Wrote Item_DizzyDial.bin to 726CF0
Wrote Item_PleaseComeBack.bin to 7279C0
Wrote Item_EggMissile.bin to 7282A0
Wrote Item_InsecticideHerb.bin to 729B30
Wrote Item_FrightJar.bin to 72ACF0
Wrote Item_Mystery.bin to 72B990
Wrote Item_RepelGel.bin to 72CF50
Wrote Item_LifeShroom.bin to 72D910
Wrote Item_Coconut.bin to 72EB00
Wrote Item_ElectroPop.bin to 72F980
Wrote Item_StrangeCake.bin to 7306D8
Patching sprite sheets...
Loading player sprites...
Writing player sprite 01 of 0D...
Wrote player sprite 00 to 19E09A8
Writing player sprite 02 of 0D...
Wrote player sprite 01 to 19E139A
Writing player sprite 03 of 0D...
Wrote player sprite 02 to 19E1896
Writing player sprite 04 of 0D...
Wrote player sprite 03 to 19E2342
Writing player sprite 05 of 0D...
Wrote player sprite 04 to 19E2DF6
Writing player sprite 06 of 0D...
Wrote player sprite 05 to 19E3224
Writing player sprite 07 of 0D...
Wrote player sprite 06 to 19E3BCC
Writing player sprite 08 of 0D...
Wrote player sprite 07 to 19E3FF4
Writing player sprite 09 of 0D...
Wrote player sprite 08 to 19E4846
Writing player sprite 0A of 0D...
Wrote player sprite 09 to 19E4C06
Writing player sprite 0B of 0D...
Wrote player sprite 0A to 19E5786
Writing player sprite 0C of 0D...
Wrote player sprite 0B to 19E597E
Writing player sprite 0D of 0D...
Wrote player sprite 0C to 19E62DA
Writing NPC sprite 01 of E9...
Wrote NPC sprite 01 to 19E6BA0
Writing NPC sprite 02 of E9...
Wrote NPC sprite 02 to 19E75D6
Writing NPC sprite 03 of E9...
Wrote NPC sprite 03 to 19E97E8
Writing NPC sprite 04 of E9...
Wrote NPC sprite 04 to 19EAF52
Writing NPC sprite 05 of E9...
Wrote NPC sprite 05 to 19EC4DA
Writing NPC sprite 06 of E9...
Wrote NPC sprite 06 to 19EDD04
Writing NPC sprite 07 of E9...
Wrote NPC sprite 07 to 19EEAD6
Writing NPC sprite 08 of E9...
Wrote NPC sprite 08 to 19F0006
Writing NPC sprite 09 of E9...
Wrote NPC sprite 09 to 19F1518
Writing NPC sprite 0A of E9...
Wrote NPC sprite 0A to 19F264E
Writing NPC sprite 0B of E9...
Wrote NPC sprite 0B to 19F52BA
Writing NPC sprite 0C of E9...
Wrote NPC sprite 0C to 19F7240
Writing NPC sprite 0D of E9...
Wrote NPC sprite 0D to 19F9F7A
Writing NPC sprite 0E of E9...
Wrote NPC sprite 0E to 19FC8D4
Writing NPC sprite 0F of E9...
Wrote NPC sprite 0F to 19FEB12
Writing NPC sprite 10 of E9...
Wrote NPC sprite 10 to 1A006D2
Writing NPC sprite 11 of E9...
Wrote NPC sprite 11 to 1A02A0E
Writing NPC sprite 12 of E9...
Wrote NPC sprite 12 to 1A040E2
Writing NPC sprite 13 of E9...
Wrote NPC sprite 13 to 1A048E6
Writing NPC sprite 14 of E9...
Wrote NPC sprite 14 to 1A0576E
Writing NPC sprite 15 of E9...
Wrote NPC sprite 15 to 1A061CC
Writing NPC sprite 16 of E9...
Wrote NPC sprite 16 to 1A06DF6
Writing NPC sprite 17 of E9...
Wrote NPC sprite 17 to 1A0928E
Writing NPC sprite 18 of E9...
Wrote NPC sprite 18 to 1A09DD2
Writing NPC sprite 19 of E9...
Wrote NPC sprite 19 to 1A0A948
Writing NPC sprite 1A of E9...
Wrote NPC sprite 1A to 1A0ABA4
Writing NPC sprite 1B of E9...
Wrote NPC sprite 1B to 1A0B242
Writing NPC sprite 1C of E9...
Wrote NPC sprite 1C to 1A0B5A2
Writing NPC sprite 1D of E9...
Wrote NPC sprite 1D to 1A0B90E
Writing NPC sprite 1E of E9...
Wrote NPC sprite 1E to 1A0C14C
Writing NPC sprite 1F of E9...
Wrote NPC sprite 1F to 1A0C55E
Writing NPC sprite 20 of E9...
Wrote NPC sprite 20 to 1A0C84A
Writing NPC sprite 21 of E9...
Wrote NPC sprite 21 to 1A0DB5E
Writing NPC sprite 22 of E9...
Wrote NPC sprite 22 to 1A124BA
Writing NPC sprite 23 of E9...
Wrote NPC sprite 23 to 1A143AC
Writing NPC sprite 24 of E9...
Wrote NPC sprite 24 to 1A16EE0
Writing NPC sprite 25 of E9...
Wrote NPC sprite 25 to 1A190A8
Writing NPC sprite 26 of E9...
Wrote NPC sprite 26 to 1A1B02C
Writing NPC sprite 27 of E9...
Wrote NPC sprite 27 to 1A1C178
Writing NPC sprite 28 of E9...
Wrote NPC sprite 28 to 1A1D050
Writing NPC sprite 29 of E9...
Wrote NPC sprite 29 to 1A1E0EC
Writing NPC sprite 2A of E9...
Wrote NPC sprite 2A to 1A213C8
Writing NPC sprite 2B of E9...
Wrote NPC sprite 2B to 1A2369C
Writing NPC sprite 2C of E9...
Wrote NPC sprite 2C to 1A24B22
Writing NPC sprite 2D of E9...
Wrote NPC sprite 2D to 1A26C60
Writing NPC sprite 2E of E9...
Wrote NPC sprite 2E to 1A2782C
Writing NPC sprite 2F of E9...
Wrote NPC sprite 2F to 1A282B6
Writing NPC sprite 30 of E9...
Wrote NPC sprite 30 to 1A2A85E
Writing NPC sprite 31 of E9...
Wrote NPC sprite 31 to 1A2CCB4
Writing NPC sprite 32 of E9...
Wrote NPC sprite 32 to 1A2DF78
Writing NPC sprite 33 of E9...
Wrote NPC sprite 33 to 1A30854
Writing NPC sprite 34 of E9...
Wrote NPC sprite 34 to 1A325D6
Writing NPC sprite 35 of E9...
Wrote NPC sprite 35 to 1A3467E
Writing NPC sprite 36 of E9...
Wrote NPC sprite 36 to 1A35452
Writing NPC sprite 37 of E9...
Wrote NPC sprite 37 to 1A3802C
Writing NPC sprite 38 of E9...
Wrote NPC sprite 38 to 1A399EC
Writing NPC sprite 39 of E9...
Wrote NPC sprite 39 to 1A3ACC6
Writing NPC sprite 3A of E9...
Wrote NPC sprite 3A to 1A3E5CA
Writing NPC sprite 3B of E9...
Wrote NPC sprite 3B to 1A40C52
Writing NPC sprite 3C of E9...
Wrote NPC sprite 3C to 1A431F0
Writing NPC sprite 3D of E9...
Wrote NPC sprite 3D to 1A44D62
Writing NPC sprite 3E of E9...
Wrote NPC sprite 3E to 1A47ABE
Writing NPC sprite 3F of E9...
Wrote NPC sprite 3F to 1A493BC
Writing NPC sprite 40 of E9...
Wrote NPC sprite 40 to 1A4BEC2
Writing NPC sprite 41 of E9...
Wrote NPC sprite 41 to 1A4C6F4
Writing NPC sprite 42 of E9...
Wrote NPC sprite 42 to 1A4E0CA
Writing NPC sprite 43 of E9...
Wrote NPC sprite 43 to 1A517D6
Writing NPC sprite 44 of E9...
Wrote NPC sprite 44 to 1A5232E
Writing NPC sprite 45 of E9...
Wrote NPC sprite 45 to 1A551C4
Writing NPC sprite 46 of E9...
Wrote NPC sprite 46 to 1A57432
Writing NPC sprite 47 of E9...
Wrote NPC sprite 47 to 1A58A32
Writing NPC sprite 48 of E9...
Wrote NPC sprite 48 to 1A60E06
Writing NPC sprite 49 of E9...
Wrote NPC sprite 49 to 1A62490
Writing NPC sprite 4A of E9...
Wrote NPC sprite 4A to 1A64936
Writing NPC sprite 4B of E9...
Wrote NPC sprite 4B to 1A66A80
Writing NPC sprite 4C of E9...
Wrote NPC sprite 4C to 1A6A7B4
Writing NPC sprite 4D of E9...
Wrote NPC sprite 4D to 1A6B6F2
Writing NPC sprite 4E of E9...
Wrote NPC sprite 4E to 1A6D07A
Writing NPC sprite 4F of E9...
Wrote NPC sprite 4F to 1A6F08E
Writing NPC sprite 50 of E9...
Wrote NPC sprite 50 to 1A72FA2
Writing NPC sprite 51 of E9...
Wrote NPC sprite 51 to 1A7697C
Writing NPC sprite 52 of E9...
Wrote NPC sprite 52 to 1A77824
Writing NPC sprite 53 of E9...
Wrote NPC sprite 53 to 1A7B5D6
Writing NPC sprite 54 of E9...
Wrote NPC sprite 54 to 1A7CCBA
Writing NPC sprite 55 of E9...
Wrote NPC sprite 55 to 1A7CDF2
Writing NPC sprite 56 of E9...
Wrote NPC sprite 56 to 1A811C6
Writing NPC sprite 57 of E9...
Wrote NPC sprite 57 to 1A83388
Writing NPC sprite 58 of E9...
Wrote NPC sprite 58 to 1A85622
Writing NPC sprite 59 of E9...
Wrote NPC sprite 59 to 1A89BC4
Writing NPC sprite 5A of E9...
Wrote NPC sprite 5A to 1A8D9CC
Writing NPC sprite 5B of E9...
Wrote NPC sprite 5B to 1A919B0
Writing NPC sprite 5C of E9...
Wrote NPC sprite 5C to 1A91C90
Writing NPC sprite 5D of E9...
Wrote NPC sprite 5D to 1A91F86
Writing NPC sprite 5E of E9...
Wrote NPC sprite 5E to 1A921AA
Writing NPC sprite 5F of E9...
Wrote NPC sprite 5F to 1A924FE
Writing NPC sprite 60 of E9...
Wrote NPC sprite 60 to 1A92754
Writing NPC sprite 61 of E9...
Wrote NPC sprite 61 to 1A95874
Writing NPC sprite 62 of E9...
Wrote NPC sprite 62 to 1A984CE
Writing NPC sprite 63 of E9...
Wrote NPC sprite 63 to 1A9A826
Writing NPC sprite 64 of E9...
Wrote NPC sprite 64 to 1A9C7FC
Writing NPC sprite 65 of E9...
Wrote NPC sprite 65 to 1A9CD0E
Writing NPC sprite 66 of E9...
Wrote NPC sprite 66 to 1A9D670
Writing NPC sprite 67 of E9...
Wrote NPC sprite 67 to 1AA0120
Writing NPC sprite 68 of E9...
Wrote NPC sprite 68 to 1AA6874
Writing NPC sprite 69 of E9...
Wrote NPC sprite 69 to 1AAADF8
Writing NPC sprite 6A of E9...
Wrote NPC sprite 6A to 1AAB554
Writing NPC sprite 6B of E9...
Wrote NPC sprite 6B to 1AB328C
Writing NPC sprite 6C of E9...
Wrote NPC sprite 6C to 1ABA2DA
Writing NPC sprite 6D of E9...
Wrote NPC sprite 6D to 1ABC6D8
Writing NPC sprite 6E of E9...
Wrote NPC sprite 6E to 1AC48B6
Writing NPC sprite 6F of E9...
Wrote NPC sprite 6F to 1AC6C2E
Writing NPC sprite 70 of E9...
Wrote NPC sprite 70 to 1AC84AA
Writing NPC sprite 71 of E9...
Wrote NPC sprite 71 to 1AC9258
Writing NPC sprite 72 of E9...
Wrote NPC sprite 72 to 1AC9712
Writing NPC sprite 73 of E9...
Wrote NPC sprite 73 to 1ACA9F4
Writing NPC sprite 74 of E9...
Wrote NPC sprite 74 to 1ACAEAA
Writing NPC sprite 75 of E9...
Wrote NPC sprite 75 to 1ACB34E
Writing NPC sprite 76 of E9...
Wrote NPC sprite 76 to 1ACB3FE
Writing NPC sprite 77 of E9...
Wrote NPC sprite 77 to 1ACCFFA
Writing NPC sprite 78 of E9...
Wrote NPC sprite 78 to 1ACD25C
Writing NPC sprite 79 of E9...
Wrote NPC sprite 79 to 1ACE2A4
Writing NPC sprite 7A of E9...
Wrote NPC sprite 7A to 1AD2718
Writing NPC sprite 7B of E9...
Wrote NPC sprite 7B to 1AD2E4C
Writing NPC sprite 7C of E9...
Wrote NPC sprite 7C to 1AD58DE
Writing NPC sprite 7D of E9...
Wrote NPC sprite 7D to 1ADA8F0
Writing NPC sprite 7E of E9...
Wrote NPC sprite 7E to 1ADB5FC
Writing NPC sprite 7F of E9...
Wrote NPC sprite 7F to 1ADF06E
Writing NPC sprite 80 of E9...
Wrote NPC sprite 80 to 1AE3CCE
Writing NPC sprite 81 of E9...
Wrote NPC sprite 81 to 1AEC13A
Writing NPC sprite 82 of E9...
Wrote NPC sprite 82 to 1AF3B5E
Writing NPC sprite 83 of E9...
Wrote NPC sprite 83 to 1AF7DBE
Writing NPC sprite 84 of E9...
Wrote NPC sprite 84 to 1AF8CC4
Writing NPC sprite 85 of E9...
Wrote NPC sprite 85 to 1AF99FE
Writing NPC sprite 86 of E9...
Wrote NPC sprite 86 to 1AFA26A
Writing NPC sprite 87 of E9...
Wrote NPC sprite 87 to 1AFA78C
Writing NPC sprite 88 of E9...
Wrote NPC sprite 88 to 1AFAFC8
Writing NPC sprite 89 of E9...
Wrote NPC sprite 89 to 1AFB76A
Writing NPC sprite 8A of E9...
Wrote NPC sprite 8A to 1AFC258
Writing NPC sprite 8B of E9...
Wrote NPC sprite 8B to 1AFCC0C
Writing NPC sprite 8C of E9...
Wrote NPC sprite 8C to 1AFD5C8
Writing NPC sprite 8D of E9...
Wrote NPC sprite 8D to 1AFDF8C
Writing NPC sprite 8E of E9...
Wrote NPC sprite 8E to 1AFF254
Writing NPC sprite 8F of E9...
Wrote NPC sprite 8F to 1B00204
Writing NPC sprite 90 of E9...
Wrote NPC sprite 90 to 1B019C8
Writing NPC sprite 91 of E9...
Wrote NPC sprite 91 to 1B037DE
Writing NPC sprite 92 of E9...
Wrote NPC sprite 92 to 1B03EE2
Writing NPC sprite 93 of E9...
Wrote NPC sprite 93 to 1B04A70
Writing NPC sprite 94 of E9...
Wrote NPC sprite 94 to 1B04FE0
Writing NPC sprite 95 of E9...
Wrote NPC sprite 95 to 1B05648
Writing NPC sprite 96 of E9...
Wrote NPC sprite 96 to 1B07048
Writing NPC sprite 97 of E9...
Wrote NPC sprite 97 to 1B0914C
Writing NPC sprite 98 of E9...
Wrote NPC sprite 98 to 1B0ADF4
Writing NPC sprite 99 of E9...
Wrote NPC sprite 99 to 1B0B962
Writing NPC sprite 9A of E9...
Wrote NPC sprite 9A to 1B0E7B8
Writing NPC sprite 9B of E9...
Wrote NPC sprite 9B to 1B0F4A8
Writing NPC sprite 9C of E9...
Wrote NPC sprite 9C to 1B0FBB6
Writing NPC sprite 9D of E9...
Wrote NPC sprite 9D to 1B11658
Writing NPC sprite 9E of E9...
Wrote NPC sprite 9E to 1B12368
Writing NPC sprite 9F of E9...
Wrote NPC sprite 9F to 1B13BE0
Writing NPC sprite A0 of E9...
Wrote NPC sprite A0 to 1B13F9A
Writing NPC sprite A1 of E9...
Wrote NPC sprite A1 to 1B14A84
Writing NPC sprite A2 of E9...
Wrote NPC sprite A2 to 1B1500A
Writing NPC sprite A3 of E9...
Wrote NPC sprite A3 to 1B1A07A
Writing NPC sprite A4 of E9...
Wrote NPC sprite A4 to 1B1B69A
Writing NPC sprite A5 of E9...
Wrote NPC sprite A5 to 1B1D77A
Writing NPC sprite A6 of E9...
Wrote NPC sprite A6 to 1B1E9D8
Writing NPC sprite A7 of E9...
Wrote NPC sprite A7 to 1B20710
Writing NPC sprite A8 of E9...
Wrote NPC sprite A8 to 1B21F42
Writing NPC sprite A9 of E9...
Wrote NPC sprite A9 to 1B2295C
Writing NPC sprite AA of E9...
Wrote NPC sprite AA to 1B236A4
Writing NPC sprite AB of E9...
Wrote NPC sprite AB to 1B24D54
Writing NPC sprite AC of E9...
Wrote NPC sprite AC to 1B25C18
Writing NPC sprite AD of E9...
Wrote NPC sprite AD to 1B2677C
Writing NPC sprite AE of E9...
Wrote NPC sprite AE to 1B271A8
Writing NPC sprite AF of E9...
Wrote NPC sprite AF to 1B27E46
Writing NPC sprite B0 of E9...
Wrote NPC sprite B0 to 1B29DE8
Writing NPC sprite B1 of E9...
Wrote NPC sprite B1 to 1B2B38C
Writing NPC sprite B2 of E9...
Wrote NPC sprite B2 to 1B2C3FA
Writing NPC sprite B3 of E9...
Wrote NPC sprite B3 to 1B2CC78
Writing NPC sprite B4 of E9...
Wrote NPC sprite B4 to 1B2CF4A
Writing NPC sprite B5 of E9...
Wrote NPC sprite B5 to 1B2D7BC
Writing NPC sprite B6 of E9...
Wrote NPC sprite B6 to 1B2E76A
Writing NPC sprite B7 of E9...
Wrote NPC sprite B7 to 1B30A40
Writing NPC sprite B8 of E9...
Wrote NPC sprite B8 to 1B31D76
Writing NPC sprite B9 of E9...
Wrote NPC sprite B9 to 1B325AE
Writing NPC sprite BA of E9...
Wrote NPC sprite BA to 1B32AD8
Writing NPC sprite BB of E9...
Wrote NPC sprite BB to 1B34710
Writing NPC sprite BC of E9...
Wrote NPC sprite BC to 1B34D42
Writing NPC sprite BD of E9...
Wrote NPC sprite BD to 1B3530A
Writing NPC sprite BE of E9...
Wrote NPC sprite BE to 1B35B72
Writing NPC sprite BF of E9...
Wrote NPC sprite BF to 1B3727A
Writing NPC sprite C0 of E9...
Wrote NPC sprite C0 to 1B38248
Writing NPC sprite C1 of E9...
Wrote NPC sprite C1 to 1B38904
Writing NPC sprite C2 of E9...
Wrote NPC sprite C2 to 1B415AA
Writing NPC sprite C3 of E9...
Wrote NPC sprite C3 to 1B443AA
Writing NPC sprite C4 of E9...
Wrote NPC sprite C4 to 1B45E0C
Writing NPC sprite C5 of E9...
Wrote NPC sprite C5 to 1B47C76
Writing NPC sprite C6 of E9...
Wrote NPC sprite C6 to 1B48B8E
Writing NPC sprite C7 of E9...
Wrote NPC sprite C7 to 1B4997C
Writing NPC sprite C8 of E9...
Wrote NPC sprite C8 to 1B4C038
Writing NPC sprite C9 of E9...
Wrote NPC sprite C9 to 1B4FD92
Writing NPC sprite CA of E9...
Wrote NPC sprite CA to 1B51EC2
Writing NPC sprite CB of E9...
Wrote NPC sprite CB to 1B537AC
Writing NPC sprite CC of E9...
Wrote NPC sprite CC to 1B548A0
Writing NPC sprite CD of E9...
Wrote NPC sprite CD to 1B56536
Writing NPC sprite CE of E9...
Wrote NPC sprite CE to 1B56946
Writing NPC sprite CF of E9...
Wrote NPC sprite CF to 1B5842C
Writing NPC sprite D0 of E9...
Wrote NPC sprite D0 to 1B5A126
Writing NPC sprite D1 of E9...
Wrote NPC sprite D1 to 1B5AED0
Writing NPC sprite D2 of E9...
Wrote NPC sprite D2 to 1B5C34E
Writing NPC sprite D3 of E9...
Wrote NPC sprite D3 to 1B5D29A
Writing NPC sprite D4 of E9...
Wrote NPC sprite D4 to 1B5D4BE
Writing NPC sprite D5 of E9...
Wrote NPC sprite D5 to 1B5D8F8
Writing NPC sprite D6 of E9...
Wrote NPC sprite D6 to 1B5DCDA
Writing NPC sprite D7 of E9...
Wrote NPC sprite D7 to 1B60FAC
Writing NPC sprite D8 of E9...
Wrote NPC sprite D8 to 1B63CEC
Writing NPC sprite D9 of E9...
Wrote NPC sprite D9 to 1B65704
Writing NPC sprite DA of E9...
Wrote NPC sprite DA to 1B66A8C
Writing NPC sprite DB of E9...
Wrote NPC sprite DB to 1B68F3C
Writing NPC sprite DC of E9...
Wrote NPC sprite DC to 1B6A188
Writing NPC sprite DD of E9...
Wrote NPC sprite DD to 1B6B3E8
Writing NPC sprite DE of E9...
Wrote NPC sprite DE to 1B6C06C
Writing NPC sprite DF of E9...
Wrote NPC sprite DF to 1B6E6B0
Writing NPC sprite E0 of E9...
Wrote NPC sprite E0 to 1B70710
Writing NPC sprite E1 of E9...
Wrote NPC sprite E1 to 1B7125C
Writing NPC sprite E2 of E9...
Wrote NPC sprite E2 to 1B7173C
Writing NPC sprite E3 of E9...
Wrote NPC sprite E3 to 1B72226
Writing NPC sprite E4 of E9...
Wrote NPC sprite E4 to 1B72818
Writing NPC sprite E5 of E9...
Wrote NPC sprite E5 to 1B73330
Writing NPC sprite E6 of E9...
Wrote NPC sprite E6 to 1B763DC
Writing NPC sprite E7 of E9...
Wrote NPC sprite E7 to 1B7769E
Writing NPC sprite E8 of E9...
Wrote NPC sprite E8 to 1B795B6
Writing NPC sprite E9 of E9...
Wrote NPC sprite E9 to 1B79786
Writing audio data...
Writing 00_117.bgm to F00E20
Writing 01_118.bgm to F027C0
Writing 02_191.bgm to F03DA0
Writing 03_120.bgm to F04A50
Writing 04_119.bgm to F07A20
Writing 05_121.bgm to F093A0
Writing 06_192.bgm to F09C60
Writing 07_193.bgm to F0ABB0
Writing 08_194.bgm to F0C140
Writing 09_195.bgm to F0E520
Writing 0A_196.bgm to F10380
Writing 0B_122.bgm to F11730
Writing 0C_328.bgm to F11FD0
Writing 0D_184.bgm to F141D0
Writing 0E_187.bgm to F15AD0
Writing 0F_306.bgm to F17DF0
Writing 10_135.bgm to F18E30
Writing 11_134.bgm to F19080
Writing 12_224.bgm to F19220
Writing 13_814.bgm to F19420
Writing 14_124.bgm to F1A7F0
Writing 15_123.bgm to F1B280
Writing 16_186.bgm to F1BA70
Writing 17_125.bgm to F1C5A0
Writing 18_126.bgm to F1CA80
Writing 19_127.bgm to F1E6C0
Writing 1A_128.bgm to F1FAA0
Writing 1B_187.bgm to F21190
Writing 1C_129.bgm to F22EA0
Writing 1D_188.bgm to F23630
Writing 1E_189.bgm to F248B0
Writing 1F_190.bgm to F258B0
Writing 20_309.bgm to F266C0
Writing 21_307.bgm to F270F0
Writing 22_308.bgm to F28110
Writing 23_112.bgm to F296F0
Writing 24_108.bgm to F29CD0
Writing 25_198.bgm to F2ACD0
Writing 26_210.bgm to F2B970
Writing 27_311.bgm to F2FFE0
Writing 28_312.bgm to F30E40
Writing 29_303.bgm to F32440
Writing 2A_305.bgm to F33760
Writing 2B_304.bgm to F340D0
Writing 2C_220.bgm to F34F10
Writing 2D_301.bgm to F35950
Writing 2E_302.bgm to F35DC0
Writing 2F_104.bgm to F37390
Writing 30_103.bgm to F37D80
Writing 31_105.bgm to F38540
Writing 32_106.bgm to F39890
Writing 33_107.bgm to F3A420
Writing 34_110.bgm to F3B010
Writing 35_111.bgm to F3BF80
Writing 36_827.bgm to F3C300
Writing 37_202.bgm to F3CDD0
Writing 38_109.bgm to F3DFE0
Writing 39_113.bgm to F3EB70
Writing 3A_114.bgm to F3FFE0
Writing 3B_141.bgm to F41290
Writing 3C_203.bgm to F42DB0
Writing 3D_115.bgm to F44DE0
Writing 3E_116.bgm to F473B0
Writing 3F_838.bgm to F48490
Writing 40_205.bgm to F49350
Writing 41_291.bgm to F49CC0
Writing 42_144.bgm to F4A2C0
Writing 43_145.bgm to F4C730
Writing 44_142.bgm to F4DAB0
Writing 45_143.bgm to F50540
Writing 46_148.bgm to F528B0
Writing 47_146.bgm to F543D0
Writing 48_147.bgm to F57B30
Writing 49_139.bgm to F5AD80
Writing 4A_149.bgm to F5B160
Writing 4B_137.bgm to F5CEA0
Writing 4C_138.bgm to F5E780
Writing 4D_150.bgm to F5FDF0
Writing 4E_151.bgm to F613B0
Writing 4F_208.bgm to F635B0
Writing 50_177.bgm to F64D00
Writing 51_178.bgm to F660D0
Writing 52_209.bgm to F66B60
Writing 53_207.bgm to F679E0
Writing 54_179.bgm to F68540
Writing 55_178.bgm to F68A20
Writing 56_154.bgm to F69E30
Writing 57_155.bgm to F6B4F0
Writing 58_157.bgm to F6BF00
Writing 59_156.bgm to F6E120
Writing 5A_169.bgm to F6ED80
Writing 5B_170.bgm to F70CF0
Writing 5C_153.bgm to F75240
Writing 5D_185.bgm to F770A0
Writing 5E_167.bgm to F77870
Writing 5F_161.bgm to F790B0
Writing 60_162.bgm to F79530
Writing 61_158.bgm to F7A4B0
Writing 62_159.bgm to F7AF20
Writing 63_160.bgm to F7BF70
Writing 64_163.bgm to F7C8F0
Writing 65_164.bgm to F7CC40
Writing 66_166.bgm to F7DD50
Writing 67_152.bgm to F7E630
Writing 68_165.bgm to F7FAB0
Writing 69_175.bgm to F80040
Writing 6A_176.bgm to F80CD0
Writing 6B_174.bgm to F820E0
Writing 6C_181.bgm to F83110
Writing 6D_183.bgm to F84310
Writing 6E_001.bgm to F84BB0
Writing 6F_168.bgm to F85C70
Writing 70_171.bgm to F87440
Writing 71_172.bgm to F87F90
Writing 72_182.bgm to F88EB0
Writing 73_199.bgm to F894C0
Writing 74_136.bgm to F8A9E0
Writing 75_311.bgm to F8B420
Writing 76_310.bgm to F8C9A0
Writing 77_313.bgm to F8D6D0
Writing 78_130.bgm to F8DC40
Writing 79_132.bgm to F8E210
Writing 7A_130.bgm to F8EFC0
Writing 7B_314.bgm to F8F290
Writing 7C_323.bgm to F92730
Writing 7D_315.bgm to F94900
Writing 7E_322.bgm to F973C0
Writing 7F_316.bgm to F98130
Writing 80_319.bgm to F9A3D0
Writing 81_318.bgm to F9AA40
Writing 82_320.bgm to F9BC70
Writing 83_321.bgm to F9D7F0
Writing 84_317.bgm to F9DAD0
Writing 85_327.bgm to F9F370
Writing 86_102.bgm to F9FE70
Writing 87_101.bgm to FA0CE0
Writing 88_324.bgm to FA40A0
Writing 89_325.bgm to FA8A30
Writing 8A_326.bgm to FAC2D0
Writing 8B_221.bgm to FAD0C0
Writing 8C_222.bgm to FAD650
Writing 8D_223.bgm to FADD30
Writing 8E_226.bgm to FAE2B0
Writing 8F_DAT1.sef to FAECA0
Writing 90_PS01.bk to FB3CE0
Writing 91_PS02.bk to FE88C0
Writing 92_PS03.bk to 100D0C0
Writing 93_PS04.bk to 10238B0
Writing 94_PS05.bk to 103B4D0
Writing 95_PS11.bk to 1063940
Writing 96_GM01.bk to 1084230
Writing 97_GM02.bk to 10AE7F0
Writing 98_GM03.bk to 10FCEE0
Writing 99_GM04.bk to 113F900
Writing 9A_GM05.bk to 11773C0
Writing 9B_GM06.bk to 11CFF40
Writing 9C_GM07.bk to 1224970
Writing 9D_GM08.bk to 1290BC0
Writing 9E_GM09.bk to 12D0E50
Writing 9F_GM10.bk to 130F9F0
Writing A0_GM11.bk to 133A030
Writing A1_SPC0.bk to 1350AA0
Writing A2_SPC1.bk to 1353220
Writing A3_SPC2.bk to 1358140
Writing A4_SPC3.bk to 135AFF0
Writing A5_REC1.bk to 136BE10
Writing A6_STG5.bk to 1382A90
Writing A7_STG8.bk to 13A0130
Writing A8_CHO1.bk to 13A4F70
Writing A9_SYS0.bk to 13A5E60
Writing AA_SYS1.bk to 13B0760
Writing AB_SYS2.bk to 13C2560
Writing AC_MAR0.bk to 13D1290
Writing AD_MAR1.bk to 13DDF50
Writing AE_ENV0.bk to 13F1950
Writing AF_PAR0.bk to 1427590
Writing B0_PAR1.bk to 1449B90
Writing B1_PAR2.bk to 146FFF0
Writing B2_ETC0.bk to 14730B0
Writing B3_ETC1.bk to 1489F40
Writing B4_ETC2.bk to 14A1AA0
Writing B5_ENE0.bk to 14B04E0
Writing B6_ENE1.bk to 14BD9F0
Writing B7_EVT0.bk to 14D7C40
Writing B8_EVT1.bk to 14F05D0
Writing B9_EVT2.bk to 1521AF0
Writing BA_EVT3.bk to 154B220
Writing BB_EVT4.bk to 1561FB0
Writing BC_EVT5.bk to 157F510
Writing BD_EVT6.bk to 15B92B0
Writing BE_EVT7.bk to 15DA710
Writing BF_EVT8.bk to 15FDFE0
Writing C0_MOB0.bk to 16256E0
Writing C1_PEA0.bk to 1638870
Writing C2_MAR2.bk to 164CCC0
Writing C3_MAR3.bk to 1666000
Writing C4_MAR4.bk to 1683800
Writing C5_BTL0.bk to 16A3F00
Writing C6_BTL1.bk to 16C6890
Writing C7_BTL2.bk to 1708260
Writing C8_BTL3.bk to 1730E70
Writing C9_BT20.bk to 173E260
Writing CA_BT21.bk to 1754E00
Writing CB_BT22.bk to 1780030
Writing CC_BT23.bk to 17998F0
Writing CD_BT24.bk to 17B5730
Writing CE_BT25.bk to 17D08D0
Writing CF_BT26.bk to 17EB080
Writing D0_BT27.bk to 180CC20
Writing D1_BT28.bk to 1846290
Writing D2_BT29.bk to 1861AC0
Writing D3_BT2A.bk to 18742B0
Writing D4_BT2B.bk to 1881F30
Writing D5_BT2C.bk to 189E270
Writing D6_BT2D.bk to 18CFB80
Writing D7_PHR1.bk to 18D3700
Writing D8_ENV1.bk to 18EA020
Writing D9_SET1.per to 19379F0
Writing DA_SET1.prg to 1937D60
Writing DB_501.mseq to 1937DB0
Writing DC_502.mseq to 19382F0
Writing DD_503.mseq to 19391D0
Writing DE_504.mseq to 1939DE0
Writing DF_505.mseq to 193AA20
Writing E0_506.mseq to 193B590
Writing E1_507.mseq to 193C100
Writing E2_508.mseq to 193CCE0
Writing E3_509.mseq to 193DD20
Writing E4_510.mseq to 193E540
Writing E5_511.mseq to 193F110
Writing E6_512.mseq to 193F920
Writing E7_513.mseq to 19400C0
Writing E8_521.mseq to 1940540
Writing E9_522.mseq to 1940F30
Writing EA_523.mseq to 19417F0
Writing EB_521.mseq to 1942010
Calculating new CRC values...
Wrote new CRCs to ROM (B89E9864 49C71FBB)
Empty region from 01C8329C to 01C84D30 (1A94 bytes)
Empty region from 0006B450 to 0006EAC0 (3670 bytes)
Empty region from 00073DA0 to 00073E10 (70 bytes)
Empty region from 00073E2C to 00074EA0 (1074 bytes)
Empty region from 0278E120 to 027FEE22 (70D02 bytes)
Empty region from 004B85B6 to 00543570 (8AFBA bytes)
Empty region from 005573E0 to 006F0B30 (199750 bytes)
Empty region from 00786F70 to 00789E60 (2EF0 bytes)
Empty region from 00715848 to 00715850 (8 bytes)
Empty region from 007324A0 to 007345A0 (2100 bytes)
Empty region from 01B7992E to 01B82208 (88DA bytes)
Done editing C:\Users\blake\Desktop\Star Rod 0.2a\Memeio (gay)\mod\out\Paper Mario.z64
Mod compilation took 77.24 seconds
Wed Apr 01 09:12:30 EDT 2020
